Archive member included to satisfy reference by file (symbol)

app/libapp.a(analog_config.c.obj)
                              (--whole-archive)
app/libapp.a(button_config.c.obj)
                              (--whole-archive)
app/libapp.a(main.c.obj)      (--whole-archive)
app/libapp.a(simplemouse_hids.c.obj)
                              (--whole-archive)
zephyr/libzephyr.a(crc32c_sw.c.obj)
                              (--whole-archive)
zephyr/libzephyr.a(crc32_sw.c.obj)
                              (--whole-archive)
zephyr/libzephyr.a(crc16_sw.c.obj)
                              (--whole-archive)
zephyr/libzephyr.a(crc8_sw.c.obj)
                              (--whole-archive)
zephyr/libzephyr.a(crc7_sw.c.obj)
                              (--whole-archive)
zephyr/libzephyr.a(crc4_sw.c.obj)
                              (--whole-archive)
zephyr/libzephyr.a(cbprintf_packaged.c.obj)
                              (--whole-archive)
zephyr/libzephyr.a(dec.c.obj)
                              (--whole-archive)
zephyr/libzephyr.a(hex.c.obj)
                              (--whole-archive)
zephyr/libzephyr.a(printk.c.obj)
                              (--whole-archive)
zephyr/libzephyr.a(rb.c.obj)  (--whole-archive)
zephyr/libzephyr.a(sem.c.obj)
                              (--whole-archive)
zephyr/libzephyr.a(thread_entry.c.obj)
                              (--whole-archive)
zephyr/libzephyr.a(timeutil.c.obj)
                              (--whole-archive)
zephyr/libzephyr.a(heap.c.obj)
                              (--whole-archive)
zephyr/libzephyr.a(heap-validate.c.obj)
                              (--whole-archive)
zephyr/libzephyr.a(bitarray.c.obj)
                              (--whole-archive)
zephyr/libzephyr.a(multi_heap.c.obj)
                              (--whole-archive)
zephyr/libzephyr.a(onoff.c.obj)
                              (--whole-archive)
zephyr/libzephyr.a(notify.c.obj)
                              (--whole-archive)
zephyr/libzephyr.a(cbprintf_complete.c.obj)
                              (--whole-archive)
zephyr/libzephyr.a(assert.c.obj)
                              (--whole-archive)
zephyr/libzephyr.a(configs.c.obj)
                              (--whole-archive)
zephyr/libzephyr.a(thread_info.c.obj)
                              (--whole-archive)
zephyr/libzephyr.a(nvs.c.obj)
                              (--whole-archive)
zephyr/libzephyr.a(log_minimal.c.obj)
                              (--whole-archive)
zephyr/libzephyr.a(mem_attr.c.obj)
                              (--whole-archive)
zephyr/libzephyr.a(flash_map.c.obj)
                              (--whole-archive)
zephyr/libzephyr.a(flash_map_default.c.obj)
                              (--whole-archive)
zephyr/libzephyr.a(flash_map_layout.c.obj)
                              (--whole-archive)
zephyr/libzephyr.a(tracing_none.c.obj)
                              (--whole-archive)
zephyr/libzephyr.a(dis.c.obj)
                              (--whole-archive)
zephyr/libzephyr.a(bas.c.obj)
                              (--whole-archive)
zephyr/libzephyr.a(addr_utils.c.obj)
                              (--whole-archive)
zephyr/libzephyr.a(settings_store.c.obj)
                              (--whole-archive)
zephyr/libzephyr.a(settings.c.obj)
                              (--whole-archive)
zephyr/libzephyr.a(settings_init.c.obj)
                              (--whole-archive)
zephyr/libzephyr.a(settings_line.c.obj)
                              (--whole-archive)
zephyr/libzephyr.a(settings_nvs.c.obj)
                              (--whole-archive)
zephyr/libzephyr.a(utils.c.obj)
                              (--whole-archive)
zephyr/libzephyr.a(ecc_dh.c.obj)
                              (--whole-archive)
zephyr/libzephyr.a(ecc.c.obj)
                              (--whole-archive)
zephyr/libzephyr.a(aes_decrypt.c.obj)
                              (--whole-archive)
zephyr/libzephyr.a(aes_encrypt.c.obj)
                              (--whole-archive)
zephyr/libzephyr.a(cmac_mode.c.obj)
                              (--whole-archive)
zephyr/arch/common/libarch__common.a(sw_isr_common.c.obj)
                              (--whole-archive)
zephyr/arch/arch/arm/core/libarch__arm__core.a(fatal.c.obj)
                              (--whole-archive)
zephyr/arch/arch/arm/core/libarch__arm__core.a(nmi.c.obj)
                              (--whole-archive)
zephyr/arch/arch/arm/core/libarch__arm__core.a(nmi_on_reset.S.obj)
                              (--whole-archive)
zephyr/arch/arch/arm/core/libarch__arm__core.a(tls.c.obj)
                              (--whole-archive)
zephyr/arch/arch/arm/core/cortex_m/libarch__arm__core__cortex_m.a(exc_exit.S.obj)
                              (--whole-archive)
zephyr/arch/arch/arm/core/cortex_m/libarch__arm__core__cortex_m.a(fault.c.obj)
                              (--whole-archive)
zephyr/arch/arch/arm/core/cortex_m/libarch__arm__core__cortex_m.a(fault_s.S.obj)
[...]
Memory Configuration

Name             Origin             Length             Attributes
FLASH            0x0000000000000000 0x0000000000080000 xr
RAM              0x0000000020000000 0x0000000000010000 xw
IDT_LIST         0x00000000ffff7fff 0x0000000000008000 xw
*default*        0x0000000000000000 0xffffffffffffffff

Linker script and memory map

                0x0000000000023138                vfprintf = __l_vfprintf
                0x0000000000000000                vfscanf = __l_vfscanf
LOAD zephyr/CMakeFiles/zephyr_pre0.dir/misc/empty_file.c.obj
LOAD zephyr/CMakeFiles/offsets.dir/./arch/arm/core/offsets/offsets.c.obj
LOAD app/libapp.a
LOAD zephyr/libzephyr.a
LOAD zephyr/arch/common/libarch__common.a
LOAD zephyr/arch/arch/arm/core/libarch__arm__core.a
LOAD zephyr/arch/arch/arm/core/cortex_m/libarch__arm__core__cortex_m.a
LOAD zephyr/arch/arch/arm/core/mpu/libarch__arm__core__mpu.a
LOAD zephyr/lib/libc/picolibc/liblib__libc__picolibc.a
LOAD zephyr/lib/libc/common/liblib__libc__common.a
LOAD zephyr/soc/soc/arm/nordic_nrf/libsoc__arm__nordic_nrf.a
LOAD zephyr/subsys/random/libsubsys__random.a
LOAD zephyr/subsys/bluetooth/common/libsubsys__bluetooth__common.a
LOAD zephyr/subsys/bluetooth/host/libsubsys__bluetooth__host.a
LOAD zephyr/subsys/bluetooth/crypto/libsubsys__bluetooth__crypto.a
LOAD zephyr/subsys/bluetooth/controller/libsubsys__bluetooth__controller.a
LOAD zephyr/subsys/net/libsubsys__net.a
LOAD zephyr/drivers/adc/libdrivers__adc.a
LOAD zephyr/drivers/clock_control/libdrivers__clock_control.a
LOAD zephyr/drivers/console/libdrivers__console.a
LOAD zephyr/drivers/entropy/libdrivers__entropy.a
LOAD zephyr/drivers/flash/libdrivers__flash.a
LOAD zephyr/drivers/gpio/libdrivers__gpio.a
LOAD zephyr/drivers/pinctrl/libdrivers__pinctrl.a
LOAD zephyr/drivers/sensor/nrf5/libdrivers__sensor__nrf5.a
LOAD zephyr/drivers/serial/libdrivers__serial.a
LOAD zephyr/drivers/timer/libdrivers__timer.a
LOAD modules/nrf/lib/dk_buttons_and_leds/lib..__nrf__lib__dk_buttons_and_leds.a
LOAD modules/hal_nordic/nrfx/libmodules__hal_nordic__nrfx.a
LOAD modules/segger/libmodules__segger.a
LOAD zephyr/kernel/libkernel.a
LOAD c:/ncs/toolchains/cf2149caf2/opt/zephyr-sdk/arm-zephyr-eabi/bin/../lib/gcc/arm-zephyr-eabi/12.2.0/thumb/v7e-m/nofp\libgcc.a
LOAD zephyr/arch/common/libisr_tables.a
LOAD c:\ncs\toolchains\cf2149caf2\opt\zephyr-sdk\arm-zephyr-eabi\bin\../lib/gcc/../../picolibc/arm-zephyr-eabi/lib/thumb/v7e-m/nofp\libc.a
LOAD c:/ncs/toolchains/cf2149caf2/opt/zephyr-sdk/arm-zephyr-eabi/bin/../lib/gcc/arm-zephyr-eabi/12.2.0/thumb/v7e-m/nofp\libgcc.a
                0x0000000000000020                _region_min_align = 0x20

.rel.plt        0x0000000000000000        0x0
 *(SORT_BY_ALIGNMENT(.rel.plt))
                [!provide]                        PROVIDE (__rel_iplt_start = .)
 *(SORT_BY_ALIGNMENT(.rel.iplt))
 .rel.iplt      0x0000000000000000        0x0 app/libapp.a(analog_config.c.obj)
                [!provide]                        PROVIDE (__rel_iplt_end = .)

.rela.plt       0x0000000000000000        0x0
 *(SORT_BY_ALIGNMENT(.rela.plt))
                [!provide]                        PROVIDE (__rela_iplt_start = .)
 *(SORT_BY_ALIGNMENT(.rela.iplt))
                [!provide]                        PROVIDE (__rela_iplt_end = .)

.rel.dyn
 *(SORT_BY_ALIGNMENT(.rel.*))

.rela.dyn
 *(SORT_BY_ALIGNMENT(.rela.*))

/DISCARD/
 *(SORT_BY_ALIGNMENT(.plt))

/DISCARD/
 *(SORT_BY_ALIGNMENT(.iplt))
                0x0000000000000000                __rom_region_start = 0x0

rom_start       0x0000000000000000       0xdc
                0x0000000000000000                __rom_start_address = .
 FILL mask 0x00
                0x0000000000000000                . = (. + (0x0 - (. - __rom_start_address)))
                0x0000000000000000                . = ALIGN (0x4)
                0x0000000000000000                . = ALIGN (0x80)
                0x0000000000000000                . = ALIGN (0x100)
                0x0000000000000000                _vector_start = .
 *(SORT_BY_ALIGNMENT(.exc_vector_table))
 *(SORT_BY_ALIGNMENT(.exc_vector_table.*))
 .exc_vector_table._vector_table_section
                0x0000000000000000       0x40 zephyr/arch/arch/arm/core/cortex_m/libarch__arm__core__cortex_m.a(vector_table.S.obj)
                0x0000000000000000                _vector_table
 *(SORT_BY_ALIGNMENT(.vectors))
                0x00000000000000dc                _vector_end = .
                0x0000000000000040                . = ALIGN (0x4)
 *(SORT_BY_ALIGNMENT(.gnu.linkonce.irq_vector_table*))
 .gnu.linkonce.irq_vector_table
                0x0000000000000040       0x9c zephyr/arch/common/libisr_tables.a(isr_tables.c.obj)
                0x0000000000000040                _irq_vector_table
                0x00000000000000dc                _vector_end = .

text            0x00000000000000e0    0x2aeb4
                0x00000000000000e0                __text_region_start = .
 *(SORT_BY_ALIGNMENT(.text))
 .text          0x00000000000000e0       0x30 c:/ncs/toolchains/cf2149caf2/opt/zephyr-sdk/arm-zephyr-eabi/bin/../lib/gcc/arm-zephyr-eabi/12.2.0/thumb/v7e-m/nofp\libgcc.a(_aeabi_uldivmod.o)
                0x00000000000000e0                __aeabi_uldivmod
 .text          0x0000000000000110        0x4 c:/ncs/toolchains/cf2149caf2/opt/zephyr-sdk/arm-zephyr-eabi/bin/../lib/gcc/arm-zephyr-eabi/12.2.0/thumb/v7e-m/nofp\libgcc.a(_dvmd_tls.o)
                0x0000000000000110                __aeabi_idiv0
                0x0000000000000110                __aeabi_ldiv0
 .text          0x0000000000000114      0x2a0 c:/ncs/toolchains/cf2149caf2/opt/zephyr-sdk/arm-zephyr-eabi/bin/../lib/gcc/arm-zephyr-eabi/12.2.0/thumb/v7e-m/nofp\libgcc.a(_udivmoddi4.o)
                0x0000000000000114                __udivmoddi4
 .text          0x00000000000003b4       0x14 c:\ncs\toolchains\cf2149caf2\opt\zephyr-sdk\arm-zephyr-eabi\bin\../lib/gcc/../../picolibc/arm-zephyr-eabi/lib/thumb/v7e-m/nofp\libc.a(strcmp.S.o)
                0x00000000000003b4                strcmp
 .text          0x00000000000003c8       0x10 c:\ncs\toolchains\cf2149caf2\opt\zephyr-sdk\arm-zephyr-eabi\bin\../lib/gcc/../../picolibc/arm-zephyr-eabi/lib/thumb/v7e-m/nofp\libc.a(strlen.S.o)
                0x00000000000003c8                strlen
 *(SORT_BY_ALIGNMENT(.text.*))
 .text.set_event_mask
                0x00000000000003d8       0x60 zephyr/subsys/bluetooth/host/libsubsys__bluetooth__host.a(hci_core.c.obj)
 .text.ull_drift_ticks_get
                0x0000000000000438       0x94 zephyr/subsys/bluetooth/controller/libsubsys__bluetooth__controller.a(ull.c.obj)
                0x0000000000000438                ull_drift_ticks_get
 *fill*         0x00000000000004cc        0x4 
 .text.ll_adv_enable
                0x00000000000004d0      0x368 zephyr/subsys/bluetooth/controller/libsubsys__bluetooth__controller.a(ull_adv.c.obj)
                0x00000000000004d0                ll_adv_enable
 .text.ull_adv_time_update
                0x0000000000000838       0xbc zephyr/subsys/bluetooth/controller/libsubsys__bluetooth__controller.a(ull_adv.c.obj)
                0x0000000000000838                ull_adv_time_update
 *fill*         0x00000000000008f4        0x4 
 .text.ull_conn_update_ticker.constprop.0
                0x00000000000008f8      0x120 zephyr/subsys/bluetooth/controller/libsubsys__bluetooth__controller.a(ull_conn.c.obj)
 .text.ull_conn_done
                0x0000000000000a18      0x39c zephyr/subsys/bluetooth/controller/libsubsys__bluetooth__controller.a(ull_conn.c.obj)
                0x0000000000000a18                ull_conn_done
 *fill*         0x0000000000000db4        0x4 
 .text.ull_conn_update_parameters
                0x0000000000000db8      0x210 zephyr/subsys/bluetooth/controller/libsubsys__bluetooth__controller.a(ull_conn.c.obj)
                0x0000000000000db8                ull_conn_update_parameters
 .text.ull_periph_setup
                0x0000000000000fc8      0x464 zephyr/subsys/bluetooth/controller/libsubsys__bluetooth__controller.a(ull_peripheral.c.obj)
                0x0000000000000fc8                ull_periph_setup
 *fill*         0x000000000000142c        0x4 
 .text.nrf_flash_sync_exe
                0x0000000000001430      0x118 zephyr/subsys/bluetooth/controller/libsubsys__bluetooth__controller.a(soc_flash_nrf_ticker.c.obj)
                0x0000000000001430                nrf_flash_sync_exe
 .text.nrf_flash_sync_check_time_limit
                0x0000000000001548       0x48 zephyr/subsys/bluetooth/controller/libsubsys__bluetooth__controller.a(soc_flash_nrf_ticker.c.obj)
                0x0000000000001548                nrf_flash_sync_check_time_limit
 .text.check_adc
                0x0000000000001590       0x24 app/libapp.a(analog_config.c.obj)
                0x0000000000001590                check_adc
 .text.adc_channel_config
                0x00000000000015b4       0x64 app/libapp.a(analog_config.c.obj)
                0x00000000000015b4                adc_channel_config
 .text.analog_read
                0x0000000000001618       0x78 app/libapp.a(analog_config.c.obj)
                0x0000000000001618                analog_read
 .text.check_gpio_is_ready_dt
                0x0000000000001690       0x70 app/libapp.a(button_config.c.obj)
 .text.z_impl_gpio_pin_interrupt_configure
                0x0000000000001700       0xdc app/libapp.a(button_config.c.obj)
 .text.z_impl_gpio_pin_configure
                0x00000000000017dc      0x138 app/libapp.a(button_config.c.obj)
 .text.configure_pins_dt
                0x0000000000001914      0x118 app/libapp.a(button_config.c.obj)
 .text.s_bonded_addr_cache
                0x0000000000001a2c       0x20 app/libapp.a(main.c.obj)
 .text.mouse_button_pressed
                0x0000000000001a4c       0x54 app/libapp.a(main.c.obj)
 .text.callback_setup
                0x0000000000001aa0       0x74 app/libapp.a(main.c.obj)
 .text.bt_addr_le_to_str
                0x0000000000001b14       0xa8 app/libapp.a(main.c.obj)
 .text.s_security_changed
                0x0000000000001bbc       0x3c app/libapp.a(main.c.obj)
 .text.s_pairing_failed
                0x0000000000001bf8       0x24 app/libapp.a(main.c.obj)
 .text.s_pairing_complete
                0x0000000000001c1c       0x24 app/libapp.a(main.c.obj)
 .text.s_conn_params_updated
                0x0000000000001c40       0x28 app/libapp.a(main.c.obj)
 .text.s_advertising_start
                0x0000000000001c68       0x1c app/libapp.a(main.c.obj)
 .text.s_disconnected
                0x0000000000001c84       0x38 app/libapp.a(main.c.obj)
 .text.s_connected
                0x0000000000001cbc       0x80 app/libapp.a(main.c.obj)
 .text.gpio_pin_get
                0x0000000000001d3c       0x48 app/libapp.a(main.c.obj)
 .text.s_advertising_exec
                0x0000000000001d84      0x130 app/libapp.a(main.c.obj)
 .text.check_wheel_buttons
                0x0000000000001eb4       0x64 app/libapp.a(main.c.obj)
                0x0000000000001eb4                check_wheel_buttons
 .text.main     0x0000000000001f18      0x210 app/libapp.a(main.c.obj)
                0x0000000000001f18                main
 .text.s_mse_boot_input_rep_ccc_changed
                0x0000000000002128       0x14 app/libapp.a(simplemouse_hids.c.obj)
 .text.s_mse_input_rep_ccc_changed
                0x000000000000213c       0x14 app/libapp.a(simplemouse_hids.c.obj)
 .text.s_read_prot_mode
                0x0000000000002150       0x20 app/libapp.a(simplemouse_hids.c.obj)
 .text.s_read_report_map
                0x0000000000002170       0x20 app/libapp.a(simplemouse_hids.c.obj)
 .text.s_read_info
                0x0000000000002190       0x20 app/libapp.a(simplemouse_hids.c.obj)
 .text.s_write_prot_mode
                0x00000000000021b0       0x48 app/libapp.a(simplemouse_hids.c.obj)
 .text.s_write_ctrl_point
                0x00000000000021f8       0x48 app/libapp.a(simplemouse_hids.c.obj)
 .text.simplemouse_hids_connected
                0x0000000000002240       0x14 app/libapp.a(simplemouse_hids.c.obj)
                0x0000000000002240                simplemouse_hids_connected
 .text.simplemouse_hids_disconnected
                0x0000000000002254        0xc app/libapp.a(simplemouse_hids.c.obj)
                0x0000000000002254                simplemouse_hids_disconnected
 .text.simplemouse_hids_get_prot_mode
                0x0000000000002260        0xc app/libapp.a(simplemouse_hids.c.obj)
                0x0000000000002260                simplemouse_hids_get_prot_mode
 .text.simplemouse_hids_is_mouse_report_writable
                0x000000000000226c       0x38 app/libapp.a(simplemouse_hids.c.obj)
                0x000000000000226c                simplemouse_hids_is_mouse_report_writable
 .text.simplemouse_hids_mouse_notify_input
                0x00000000000022a4       0xbc app/libapp.a(simplemouse_hids.c.obj)
                0x00000000000022a4                simplemouse_hids_mouse_notify_input
 .text.simplemouse_hids_mouse_notify_boot
                0x0000000000002360       0xbc app/libapp.a(simplemouse_hids.c.obj)
                0x0000000000002360                simplemouse_hids_mouse_notify_boot
 .text.crc8_ccitt
                0x000000000000241c       0x3c zephyr/libzephyr.a(crc8_sw.c.obj)
                0x000000000000241c                crc8_ccitt
 .text.u8_to_dec
                0x0000000000002458       0x50 zephyr/libzephyr.a(dec.c.obj)
                0x0000000000002458                u8_to_dec
 .text.char_out
                0x00000000000024a8       0x10 zephyr/libzephyr.a(printk.c.obj)
 .text.__printk_hook_install
                0x00000000000024b8        0xc zephyr/libzephyr.a(printk.c.obj)
                0x00000000000024b8                __printk_hook_install
 .text.vprintk  0x00000000000024c4       0x2c zephyr/libzephyr.a(printk.c.obj)
                0x00000000000024c4                vprintk
 .text.z_thread_entry
                0x00000000000024f0       0x34 zephyr/libzephyr.a(thread_entry.c.obj)
                0x00000000000024f0                z_thread_entry
 .text.sys_heap_free
                0x0000000000002524       0x70 zephyr/libzephyr.a(heap.c.obj)
                0x0000000000002524                sys_heap_free
 .text.sys_heap_aligned_alloc
                0x0000000000002594      0x114 zephyr/libzephyr.a(heap.c.obj)
                0x0000000000002594                sys_heap_aligned_alloc
 .text.sys_heap_init
                0x00000000000026a8      0x104 zephyr/libzephyr.a(heap.c.obj)
                0x00000000000026a8                sys_heap_init
 .text.process_complete
                0x00000000000027ac       0xdc zephyr/libzephyr.a(onoff.c.obj)
 .text.process_event
                0x0000000000002888      0x32c zephyr/libzephyr.a(onoff.c.obj)
 .text.transition_complete
                0x0000000000002bb4       0x54 zephyr/libzephyr.a(onoff.c.obj)
 .text.onoff_request
                0x0000000000002c08      0x140 zephyr/libzephyr.a(onoff.c.obj)
                0x0000000000002c08                onoff_request
 .text.onoff_release
                0x0000000000002d48       0xc4 zephyr/libzephyr.a(onoff.c.obj)
                0x0000000000002d48                onoff_release
 .text.sys_notify_finalize
                0x0000000000002e0c       0x54 zephyr/libzephyr.a(notify.c.obj)
                0x0000000000002e0c                sys_notify_finalize
 .text.nvs_startup
                0x0000000000002e60      0x280 zephyr/libzephyr.a(nvs.c.obj)
 .text.nvs_mount
                0x00000000000030e0       0xf0 zephyr/libzephyr.a(nvs.c.obj)
                0x00000000000030e0                nvs_mount
 .text.nvs_write
                0x00000000000031d0      0x170 zephyr/libzephyr.a(nvs.c.obj)
                0x00000000000031d0                nvs_write
 .text.nvs_read_hist
                0x0000000000003340       0xe0 zephyr/libzephyr.a(nvs.c.obj)
                0x0000000000003340                nvs_read_hist
 .text.mem_attr_get_regions
                0x0000000000003420        0xc zephyr/libzephyr.a(mem_attr.c.obj)
                0x0000000000003420                mem_attr_get_regions
 .text.get_flash_area_from_id
                0x000000000000342c       0x30 zephyr/libzephyr.a(flash_map.c.obj)
 .text.flash_area_open
                0x000000000000345c       0x38 zephyr/libzephyr.a(flash_map.c.obj)
                0x000000000000345c                flash_area_open
 .text.flash_area_get_sectors
                0x0000000000003494       0x18 zephyr/libzephyr.a(flash_map_layout.c.obj)
                0x0000000000003494                flash_area_get_sectors
 .text.blvl_ccc_cfg_changed
                0x00000000000034ac       0x24 zephyr/libzephyr.a(bas.c.obj)
 .text.read_blvl
                0x00000000000034d0       0x28 zephyr/libzephyr.a(bas.c.obj)
 .text.settings_save_one
                0x00000000000034f8       0x4c zephyr/libzephyr.a(settings_store.c.obj)
                0x00000000000034f8                settings_save_one
 .text.settings_src_register
                0x0000000000003544       0x20 zephyr/libzephyr.a(settings_store.c.obj)
                0x0000000000003544                settings_src_register
 .text.settings_dst_register
                0x0000000000003564        0xc zephyr/libzephyr.a(settings_store.c.obj)
                0x0000000000003564                settings_dst_register
 .text.settings_load_subtree
                0x0000000000003570       0x5c zephyr/libzephyr.a(settings_store.c.obj)
                0x0000000000003570                settings_load_subtree
 .text.settings_store_init
                0x00000000000035cc       0x10 zephyr/libzephyr.a(settings_store.c.obj)
                0x00000000000035cc                settings_store_init
 .text.settings_init
                0x00000000000035dc       0x14 zephyr/libzephyr.a(settings.c.obj)
                0x00000000000035dc                settings_init
 .text.settings_parse_and_lookup
                0x00000000000035f0       0xd8 zephyr/libzephyr.a(settings.c.obj)
                0x00000000000035f0                settings_parse_and_lookup
 .text.settings_call_set_handler
                0x00000000000036c8       0x70 zephyr/libzephyr.a(settings.c.obj)
                0x00000000000036c8                settings_call_set_handler
 .text.settings_commit_subtree
                0x0000000000003738       0xa0 zephyr/libzephyr.a(settings.c.obj)
                0x0000000000003738                settings_commit_subtree
 .text.settings_subsys_init
                0x00000000000037d8       0x40 zephyr/libzephyr.a(settings_init.c.obj)
                0x00000000000037d8                settings_subsys_init
 .text.settings_nvs_load
                0x0000000000003818       0xd8 zephyr/libzephyr.a(settings_nvs.c.obj)
 .text.settings_nvs_src
                0x00000000000038f0       0x14 zephyr/libzephyr.a(settings_nvs.c.obj)
                0x00000000000038f0                settings_nvs_src
 .text.settings_nvs_dst
                0x0000000000003904       0x14 zephyr/libzephyr.a(settings_nvs.c.obj)
                0x0000000000003904                settings_nvs_dst
 .text.settings_backend_init
                0x0000000000003918       0x88 zephyr/libzephyr.a(settings_nvs.c.obj)
                0x0000000000003918                settings_backend_init
 .text.uECC_get_rng
                0x00000000000039a0        0xc zephyr/libzephyr.a(ecc.c.obj)
                0x00000000000039a0                uECC_get_rng
 .text.vli_mmod_fast_secp256r1
                0x00000000000039ac      0x1ac zephyr/libzephyr.a(ecc.c.obj)
                0x00000000000039ac                vli_mmod_fast_secp256r1
 .text.tc_aes128_set_encrypt_key
                0x0000000000003b58       0xc4 zephyr/libzephyr.a(aes_encrypt.c.obj)
                0x0000000000003b58                tc_aes128_set_encrypt_key
 .text.tc_aes_encrypt
                0x0000000000003c1c       0xb4 zephyr/libzephyr.a(aes_encrypt.c.obj)
                0x0000000000003c1c                tc_aes_encrypt
 .text.esf_dump
                0x0000000000003cd0       0x50 zephyr/arch/arch/arm/core/libarch__arm__core.a(fatal.c.obj)
 .text.z_SysNmiOnReset
                0x0000000000003d20        0x8 zephyr/arch/arch/arm/core/libarch__arm__core.a(nmi_on_reset.S.obj)
                0x0000000000003d20                z_SysNmiOnReset
 .text.z_tls_copy
                0x0000000000003d28       0x38 zephyr/arch/arch/arm/core/libarch__arm__core.a(tls.c.obj)
 .text.arch_tls_stack_setup
                0x0000000000003d60       0x48 zephyr/arch/arch/arm/core/libarch__arm__core.a(tls.c.obj)
                0x0000000000003d60                arch_tls_stack_setup
 .text._HandlerModeExit
                0x0000000000003da8       0x1c zephyr/arch/arch/arm/core/cortex_m/libarch__arm__core__cortex_m.a(exc_exit.S.obj)
                0x0000000000003da8                z_arm_int_exit
                0x0000000000003da8                z_arm_exc_exit
 .text.z_arm_is_synchronous_svc
                0x0000000000003dc4       0x3c zephyr/arch/arch/arm/core/cortex_m/libarch__arm__core__cortex_m.a(fault.c.obj)
 .text.get_esf  0x0000000000003e00       0x44 zephyr/arch/arch/arm/core/cortex_m/libarch__arm__core__cortex_m.a(fault.c.obj)
 .text.bus_fault
                0x0000000000003e44       0xfc zephyr/arch/arch/arm/core/cortex_m/libarch__arm__core__cortex_m.a(fault.c.obj)
 .text.usage_fault
                0x0000000000003f40       0xc0 zephyr/arch/arch/arm/core/cortex_m/libarch__arm__core__cortex_m.a(fault.c.obj)
 .text.debug_monitor
                0x0000000000004000       0x14 zephyr/arch/arch/arm/core/cortex_m/libarch__arm__core__cortex_m.a(fault.c.obj)
 .text.reserved_exception
                0x0000000000004014       0x28 zephyr/arch/arch/arm/core/cortex_m/libarch__arm__core__cortex_m.a(fault.c.obj)
 .text.mem_manage_fault
                0x000000000000403c      0x160 zephyr/arch/arch/arm/core/cortex_m/libarch__arm__core__cortex_m.a(fault.c.obj)
 .text.hard_fault
                0x000000000000419c       0xf8 zephyr/arch/arch/arm/core/cortex_m/libarch__arm__core__cortex_m.a(fault.c.obj)
 .text.z_arm_fault
                0x0000000000004294       0xa8 zephyr/arch/arch/arm/core/cortex_m/libarch__arm__core__cortex_m.a(fault.c.obj)
                0x0000000000004294                z_arm_fault
 .text.z_arm_fault_init
                0x000000000000433c       0x10 zephyr/arch/arch/arm/core/cortex_m/libarch__arm__core__cortex_m.a(fault.c.obj)
                0x000000000000433c                z_arm_fault_init
 .text.__fault  0x000000000000434c       0x14 zephyr/arch/arch/arm/core/cortex_m/libarch__arm__core__cortex_m.a(fault_s.S.obj)
                0x000000000000434c                z_arm_usage_fault
                0x000000000000434c                z_arm_mpu_fault
                0x000000000000434c                z_arm_exc_spurious
                0x000000000000434c                z_arm_debug_monitor
                0x000000000000434c                z_arm_hard_fault
                0x000000000000434c                z_arm_bus_fault
 .text._reset_section
                0x0000000000004360       0x60 zephyr/arch/arch/arm/core/cortex_m/libarch__arm__core__cortex_m.a(reset.S.obj)
                0x0000000000004360                __start
                0x0000000000004360                z_arm_reset
 .text.z_arm_clear_arm_mpu_config
                0x00000000000043c0       0x28 zephyr/arch/arch/arm/core/cortex_m/libarch__arm__core__cortex_m.a(scb.c.obj)
                0x00000000000043c0                z_arm_clear_arm_mpu_config
 .text.z_arm_init_arch_hw_at_boot
                0x00000000000043e8       0x54 zephyr/arch/arch/arm/core/cortex_m/libarch__arm__core__cortex_m.a(scb.c.obj)
                0x00000000000043e8                z_arm_init_arch_hw_at_boot
 .text.z_impl_k_thread_abort
                0x000000000000443c       0x34 zephyr/arch/arch/arm/core/cortex_m/libarch__arm__core__cortex_m.a(thread_abort.c.obj)
                0x000000000000443c                z_impl_k_thread_abort
 .text.arch_swap
                0x0000000000004470       0x34 zephyr/arch/arch/arm/core/cortex_m/libarch__arm__core__cortex_m.a(swap.c.obj)
                0x0000000000004470                arch_swap
 .text.z_arm_pendsv
                0x00000000000044a4       0x68 zephyr/arch/arch/arm/core/cortex_m/libarch__arm__core__cortex_m.a(swap_helper.S.obj)
                0x00000000000044a4                z_arm_pendsv
 .text.z_arm_svc
                0x000000000000450c       0x20 zephyr/arch/arch/arm/core/cortex_m/libarch__arm__core__cortex_m.a(swap_helper.S.obj)
                0x000000000000450c                z_arm_svc
 .text.__NVIC_EnableIRQ
                0x000000000000452c       0x1c zephyr/arch/arch/arm/core/cortex_m/libarch__arm__core__cortex_m.a(irq_manage.c.obj)
 .text.__NVIC_DisableIRQ
                0x0000000000004548       0x24 zephyr/arch/arch/arm/core/cortex_m/libarch__arm__core__cortex_m.a(irq_manage.c.obj)
 .text.__NVIC_SetPriority
                0x000000000000456c       0x28 zephyr/arch/arch/arm/core/cortex_m/libarch__arm__core__cortex_m.a(irq_manage.c.obj)
 .text.arch_irq_is_enabled
                0x0000000000004594       0x1c zephyr/arch/arch/arm/core/cortex_m/libarch__arm__core__cortex_m.a(irq_manage.c.obj)
                0x0000000000004594                arch_irq_is_enabled
 .text.z_arm_irq_priority_set
                0x00000000000045b0       0x2c zephyr/arch/arch/arm/core/cortex_m/libarch__arm__core__cortex_m.a(irq_manage.c.obj)
                0x00000000000045b0                z_arm_irq_priority_set
 .text.z_arm_prep_c
                0x00000000000045dc       0x38 zephyr/arch/arch/arm/core/cortex_m/libarch__arm__core__cortex_m.a(prep_c.c.obj)
                0x00000000000045dc                z_arm_prep_c
 .text.arch_new_thread
                0x0000000000004614       0x44 zephyr/arch/arch/arm/core/cortex_m/libarch__arm__core__cortex_m.a(thread.c.obj)
                0x0000000000004614                arch_new_thread
 .text.z_check_thread_stack_fail
                0x0000000000004658       0x48 zephyr/arch/arch/arm/core/cortex_m/libarch__arm__core__cortex_m.a(thread.c.obj)
                0x0000000000004658                z_check_thread_stack_fail
 .text.arch_switch_to_main_thread
                0x00000000000046a0       0x38 zephyr/arch/arch/arm/core/cortex_m/libarch__arm__core__cortex_m.a(thread.c.obj)
                0x00000000000046a0                arch_switch_to_main_thread
 .text.z_arm_cpu_idle_init
                0x00000000000046d8        0xc zephyr/arch/arch/arm/core/cortex_m/libarch__arm__core__cortex_m.a(cpu_idle.S.obj)
                0x00000000000046d8                z_arm_cpu_idle_init
 .text.arch_cpu_idle
                0x00000000000046e4       0x1c zephyr/arch/arch/arm/core/cortex_m/libarch__arm__core__cortex_m.a(cpu_idle.S.obj)
                0x00000000000046e4                arch_cpu_idle
 .text.arch_cpu_atomic_idle
                0x0000000000004700       0x18 zephyr/arch/arch/arm/core/cortex_m/libarch__arm__core__cortex_m.a(cpu_idle.S.obj)
                0x0000000000004700                arch_cpu_atomic_idle
 .text.z_arm_interrupt_init
                0x0000000000004718       0x34 zephyr/arch/arch/arm/core/cortex_m/libarch__arm__core__cortex_m.a(irq_init.c.obj)
                0x0000000000004718                z_arm_interrupt_init
 .text._isr_wrapper
                0x000000000000474c       0x28 zephyr/arch/arch/arm/core/cortex_m/libarch__arm__core__cortex_m.a(isr_wrapper.S.obj)
                0x000000000000474c                _isr_wrapper
 .text.z_arm_configure_static_mpu_regions
                0x0000000000004774       0x1c zephyr/arch/arch/arm/core/mpu/libarch__arm__core__mpu.a(arm_core_mpu.c.obj)
                0x0000000000004774                z_arm_configure_static_mpu_regions
 .text.z_arm_configure_dynamic_mpu_regions
                0x0000000000004790       0x24 zephyr/arch/arch/arm/core/mpu/libarch__arm__core__mpu.a(arm_core_mpu.c.obj)
                0x0000000000004790                z_arm_configure_dynamic_mpu_regions
 .text.region_init
                0x00000000000047b4       0x28 zephyr/arch/arch/arm/core/mpu/libarch__arm__core__mpu.a(arm_mpu.c.obj)
 .text.region_allocate_and_init
                0x00000000000047dc       0x24 zephyr/arch/arch/arm/core/mpu/libarch__arm__core__mpu.a(arm_mpu.c.obj)
 .text.mpu_configure_regions
                0x0000000000004800       0x60 zephyr/arch/arch/arm/core/mpu/libarch__arm__core__mpu.a(arm_mpu.c.obj)
 .text.mpu_configure_static_mpu_regions
                0x0000000000004860       0x14 zephyr/arch/arch/arm/core/mpu/libarch__arm__core__mpu.a(arm_mpu.c.obj)
 .text.mpu_configure_dynamic_mpu_regions
                0x0000000000004874       0x34 zephyr/arch/arch/arm/core/mpu/libarch__arm__core__mpu.a(arm_mpu.c.obj)
 .text.mpu_configure_regions_from_dt
                0x00000000000048a8      0x1f0 zephyr/arch/arch/arm/core/mpu/libarch__arm__core__mpu.a(arm_mpu.c.obj)
 .text.arm_core_mpu_enable
                0x0000000000004a98       0x18 zephyr/arch/arch/arm/core/mpu/libarch__arm__core__mpu.a(arm_mpu.c.obj)
                0x0000000000004a98                arm_core_mpu_enable
 .text.arm_core_mpu_disable
                0x0000000000004ab0       0x14 zephyr/arch/arch/arm/core/mpu/libarch__arm__core__mpu.a(arm_mpu.c.obj)
                0x0000000000004ab0                arm_core_mpu_disable
 .text.arm_core_mpu_configure_static_mpu_regions
                0x0000000000004ac4       0x30 zephyr/arch/arch/arm/core/mpu/libarch__arm__core__mpu.a(arm_mpu.c.obj)
                0x0000000000004ac4                arm_core_mpu_configure_static_mpu_regions
 .text.arm_core_mpu_configure_dynamic_mpu_regions
                0x0000000000004af4       0x30 zephyr/arch/arch/arm/core/mpu/libarch__arm__core__mpu.a(arm_mpu.c.obj)
                0x0000000000004af4                arm_core_mpu_configure_dynamic_mpu_regions
 .text.z_arm_mpu_init
                0x0000000000004b24       0xac zephyr/arch/arch/arm/core/mpu/libarch__arm__core__mpu.a(arm_mpu.c.obj)
                0x0000000000004b24                z_arm_mpu_init
 .text.z_impl_zephyr_fputc
                0x0000000000004bd0       0x10 zephyr/lib/libc/picolibc/liblib__libc__picolibc.a(libc-hooks.c.obj)
                0x0000000000004bd0                z_impl_zephyr_fputc
 .text.__stdout_hook_install
                0x0000000000004be0       0x18 zephyr/lib/libc/picolibc/liblib__libc__picolibc.a(libc-hooks.c.obj)
                0x0000000000004be0                __stdout_hook_install
 .text.__chk_fail
                0x0000000000004bf8       0x18 zephyr/lib/libc/picolibc/liblib__libc__picolibc.a(libc-hooks.c.obj)
                0x0000000000004bf8                __chk_fail
 .text.malloc_prepare
                0x0000000000004c10       0x24 zephyr/lib/libc/common/liblib__libc__common.a(malloc.c.obj)
 .text.nordicsemi_nrf52_init
                0x0000000000004c34       0x18 zephyr/soc/soc/arm/nordic_nrf/libsoc__arm__nordic_nrf.a(soc.c.obj)
 .text.arch_busy_wait
                0x0000000000004c4c       0x18 zephyr/soc/soc/arm/nordic_nrf/libsoc__arm__nordic_nrf.a(soc.c.obj)
                0x0000000000004c4c                arch_busy_wait
 .text.z_arm_platform_init
                0x0000000000004c64        0x4 zephyr/soc/soc/arm/nordic_nrf/libsoc__arm__nordic_nrf.a(soc_nrf_common.S.obj)
                0x0000000000004c64                z_arm_platform_init
 .text.xoshiro128_initialize
                0x0000000000004c68       0x18 zephyr/subsys/random/libsubsys__random.a(rand32_xoshiro128.c.obj)
 .text.bt_addr_le_to_str
                0x0000000000004c80       0xa8 zephyr/subsys/bluetooth/common/libsubsys__bluetooth__common.a(bt_str.c.obj)
 .text.bt_hex   0x0000000000004d28       0x58 zephyr/subsys/bluetooth/common/libsubsys__bluetooth__common.a(bt_str.c.obj)
                0x0000000000004d28                bt_hex
 .text.bt_addr_le_str
                0x0000000000004d80       0x14 zephyr/subsys/bluetooth/common/libsubsys__bluetooth__common.a(bt_str.c.obj)
                0x0000000000004d80                bt_addr_le_str
 .text.sys_memcpy_swap
                0x0000000000004d94       0x4c zephyr/subsys/bluetooth/host/libsubsys__bluetooth__host.a(hci_ecc.c.obj)
 .text.generate_keys
                0x0000000000004de0       0x40 zephyr/subsys/bluetooth/host/libsubsys__bluetooth__host.a(hci_ecc.c.obj)
 .text.emulate_le_p256_public_key_cmd
                0x0000000000004e20       0x94 zephyr/subsys/bluetooth/host/libsubsys__bluetooth__host.a(hci_ecc.c.obj)
 .text.emulate_le_generate_dhkey
                0x0000000000004eb4       0xd0 zephyr/subsys/bluetooth/host/libsubsys__bluetooth__host.a(hci_ecc.c.obj)
 .text.ecc_process
                0x0000000000004f84       0x54 zephyr/subsys/bluetooth/host/libsubsys__bluetooth__host.a(hci_ecc.c.obj)
 .text.le_gen_dhkey
                0x0000000000004fd8       0x84 zephyr/subsys/bluetooth/host/libsubsys__bluetooth__host.a(hci_ecc.c.obj)
 .text.le_p256_pub_key
                0x000000000000505c       0x5c zephyr/subsys/bluetooth/host/libsubsys__bluetooth__host.a(hci_ecc.c.obj)
 .text.bt_hci_ecc_send
                0x00000000000050b8       0x7c zephyr/subsys/bluetooth/host/libsubsys__bluetooth__host.a(hci_ecc.c.obj)
                0x00000000000050b8                bt_hci_ecc_send
 .text.set_setting
                0x0000000000005134       0xd0 zephyr/subsys/bluetooth/host/libsubsys__bluetooth__host.a(settings.c.obj)
 .text.bt_settings_encode_key
                0x0000000000005204       0x78 zephyr/subsys/bluetooth/host/libsubsys__bluetooth__host.a(settings.c.obj)
                0x0000000000005204                bt_settings_encode_key
 .text.bt_settings_init
                0x000000000000527c       0x20 zephyr/subsys/bluetooth/host/libsubsys__bluetooth__host.a(settings.c.obj)
                0x000000000000527c                bt_settings_init
 .text.bt_settings_store
                0x000000000000529c       0x54 zephyr/subsys/bluetooth/host/libsubsys__bluetooth__host.a(settings.c.obj)
                0x000000000000529c                bt_settings_store
 .text.do_store_id
                0x00000000000052f0       0x38 zephyr/subsys/bluetooth/host/libsubsys__bluetooth__host.a(settings.c.obj)
 .text.bt_settings_delete
                0x0000000000005328       0x50 zephyr/subsys/bluetooth/host/libsubsys__bluetooth__host.a(settings.c.obj)
                0x0000000000005328                bt_settings_delete
 .text.bt_settings_store_sc
                0x0000000000005378       0x1c zephyr/subsys/bluetooth/host/libsubsys__bluetooth__host.a(settings.c.obj)
                0x0000000000005378                bt_settings_store_sc
 .text.bt_settings_delete_sc
                0x0000000000005394       0x14 zephyr/subsys/bluetooth/host/libsubsys__bluetooth__host.a(settings.c.obj)
                0x0000000000005394                bt_settings_delete_sc
 .text.bt_settings_store_ccc
                0x00000000000053a8       0x1c zephyr/subsys/bluetooth/host/libsubsys__bluetooth__host.a(settings.c.obj)
                0x00000000000053a8                bt_settings_store_ccc
 .text.bt_settings_delete_ccc
                0x00000000000053c4       0x14 zephyr/subsys/bluetooth/host/libsubsys__bluetooth__host.a(settings.c.obj)
                0x00000000000053c4                bt_settings_delete_ccc
 .text.bt_settings_store_id
                0x00000000000053d8       0x10 zephyr/subsys/bluetooth/host/libsubsys__bluetooth__host.a(settings.c.obj)
                0x00000000000053d8                bt_settings_store_id
 .text.commit_settings
                0x00000000000053e8       0x9c zephyr/subsys/bluetooth/host/libsubsys__bluetooth__host.a(settings.c.obj)
 .text.bt_settings_store_keys
                0x0000000000005484       0x1c zephyr/subsys/bluetooth/host/libsubsys__bluetooth__host.a(settings.c.obj)
                0x0000000000005484                bt_settings_store_keys
 .text.bt_settings_delete_keys
                0x00000000000054a0       0x14 zephyr/subsys/bluetooth/host/libsubsys__bluetooth__host.a(settings.c.obj)
                0x00000000000054a0                bt_settings_delete_keys
 .text.long_wq_init
                0x00000000000054b4       0x3c zephyr/subsys/bluetooth/host/libsubsys__bluetooth__host.a(long_wq.c.obj)
 .text.bt_long_wq_submit
                0x00000000000054f0       0x10 zephyr/subsys/bluetooth/host/libsubsys__bluetooth__host.a(long_wq.c.obj)
                0x00000000000054f0                bt_long_wq_submit
 .text.uuid_to_uuid128
                0x0000000000005500       0xa4 zephyr/subsys/bluetooth/host/libsubsys__bluetooth__host.a(uuid.c.obj)
 .text.bt_buf_get_rx
                0x00000000000055a4       0x4c zephyr/subsys/bluetooth/host/libsubsys__bluetooth__host.a(buf.c.obj)
                0x00000000000055a4                bt_buf_get_rx
 .text.bt_buf_get_cmd_complete
                0x00000000000055f0       0x44 zephyr/subsys/bluetooth/host/libsubsys__bluetooth__host.a(buf.c.obj)
                0x00000000000055f0                bt_buf_get_cmd_complete
 .text.bt_buf_get_evt
                0x0000000000005634       0x64 zephyr/subsys/bluetooth/host/libsubsys__bluetooth__host.a(buf.c.obj)
                0x0000000000005634                bt_buf_get_evt
 .text.conn_handle_disconnected
                0x0000000000005698       0x20 zephyr/subsys/bluetooth/host/libsubsys__bluetooth__host.a(hci_core.c.obj)
 .text.conn_handle_is_disconnected
                0x00000000000056b8       0x2c zephyr/subsys/bluetooth/host/libsubsys__bluetooth__host.a(hci_core.c.obj)
 .text.read_local_ver_complete
                0x00000000000056e4       0x2c zephyr/subsys/bluetooth/host/libsubsys__bluetooth__host.a(hci_core.c.obj)
 .text.read_le_features_complete
                0x0000000000005710       0x14 zephyr/subsys/bluetooth/host/libsubsys__bluetooth__host.a(hci_core.c.obj)
 .text.read_local_features_complete
                0x0000000000005724       0x14 zephyr/subsys/bluetooth/host/libsubsys__bluetooth__host.a(hci_core.c.obj)
 .text.le_read_supp_states_complete
                0x0000000000005738       0x18 zephyr/subsys/bluetooth/host/libsubsys__bluetooth__host.a(hci_core.c.obj)
 .text.le_read_resolving_list_size_complete
                0x0000000000005750       0x10 zephyr/subsys/bluetooth/host/libsubsys__bluetooth__host.a(hci_core.c.obj)
 .text.vs_hw_platform
                0x0000000000005760       0x18 zephyr/subsys/bluetooth/host/libsubsys__bluetooth__host.a(hci_core.c.obj)
 .text.vs_hw_variant
                0x0000000000005778       0x20 zephyr/subsys/bluetooth/host/libsubsys__bluetooth__host.a(hci_core.c.obj)
 .text.vs_fw_variant
                0x0000000000005798       0x18 zephyr/subsys/bluetooth/host/libsubsys__bluetooth__host.a(hci_core.c.obj)
 .text.hci_data_buf_overflow
                0x00000000000057b0       0x14 zephyr/subsys/bluetooth/host/libsubsys__bluetooth__host.a(hci_core.c.obj)
 .text.handle_event_common
                0x00000000000057c4       0x4c zephyr/subsys/bluetooth/host/libsubsys__bluetooth__host.a(hci_core.c.obj)
 .text.hci_reset_complete
                0x0000000000005810       0x30 zephyr/subsys/bluetooth/host/libsubsys__bluetooth__host.a(hci_core.c.obj)
 .text.read_supported_commands_complete
                0x0000000000005840       0x38 zephyr/subsys/bluetooth/host/libsubsys__bluetooth__host.a(hci_core.c.obj)
 .text.le_read_buffer_size_complete
                0x0000000000005878       0x2c zephyr/subsys/bluetooth/host/libsubsys__bluetooth__host.a(hci_core.c.obj)
 .text.read_buffer_size_complete
                0x00000000000058a4       0x2c zephyr/subsys/bluetooth/host/libsubsys__bluetooth__host.a(hci_core.c.obj)
 .text.find_pending_connect
                0x00000000000058d0       0x34 zephyr/subsys/bluetooth/host/libsubsys__bluetooth__host.a(hci_core.c.obj)
 .text.le_conn_complete_adv_timeout
                0x0000000000005904       0x4c zephyr/subsys/bluetooth/host/libsubsys__bluetooth__host.a(hci_core.c.obj)
 .text.unpair   0x0000000000005950       0x8c zephyr/subsys/bluetooth/host/libsubsys__bluetooth__host.a(hci_core.c.obj)
 .text.hci_disconn_complete
                0x00000000000059dc       0x4c zephyr/subsys/bluetooth/host/libsubsys__bluetooth__host.a(hci_core.c.obj)
 .text.le_phy_update_complete
                0x0000000000005a28       0x28 zephyr/subsys/bluetooth/host/libsubsys__bluetooth__host.a(hci_core.c.obj)
 .text.le_data_len_change
                0x0000000000005a50       0x28 zephyr/subsys/bluetooth/host/libsubsys__bluetooth__host.a(hci_core.c.obj)
 .text.le_remote_feat_complete
                0x0000000000005a78       0x5c zephyr/subsys/bluetooth/host/libsubsys__bluetooth__host.a(hci_core.c.obj)
 .text.hci_num_completed_packets
                0x0000000000005ad4      0x114 zephyr/subsys/bluetooth/host/libsubsys__bluetooth__host.a(hci_core.c.obj)
 .text.hci_cmd_done
                0x0000000000005be8      0x100 zephyr/subsys/bluetooth/host/libsubsys__bluetooth__host.a(hci_core.c.obj)
 .text.hci_cmd_status
                0x0000000000005ce8       0x28 zephyr/subsys/bluetooth/host/libsubsys__bluetooth__host.a(hci_core.c.obj)
 .text.hci_cmd_complete
                0x0000000000005d10       0x44 zephyr/subsys/bluetooth/host/libsubsys__bluetooth__host.a(hci_core.c.obj)
 .text.hci_hardware_error
                0x0000000000005d54       0x1c zephyr/subsys/bluetooth/host/libsubsys__bluetooth__host.a(hci_core.c.obj)
 .text.handle_event
                0x0000000000005d70       0x34 zephyr/subsys/bluetooth/host/libsubsys__bluetooth__host.a(hci_core.c.obj)
 .text.hci_event
                0x0000000000005da4       0x70 zephyr/subsys/bluetooth/host/libsubsys__bluetooth__host.a(hci_core.c.obj)
 .text.hci_le_meta_event
                0x0000000000005e14       0x20 zephyr/subsys/bluetooth/host/libsubsys__bluetooth__host.a(hci_core.c.obj)
 .text.hci_acl  0x0000000000005e34       0x88 zephyr/subsys/bluetooth/host/libsubsys__bluetooth__host.a(hci_core.c.obj)
 .text.le_conn_update_complete
                0x0000000000005ebc       0xfc zephyr/subsys/bluetooth/host/libsubsys__bluetooth__host.a(hci_core.c.obj)
 .text.bt_hci_cmd_state_set_init
                0x0000000000005fb8       0x24 zephyr/subsys/bluetooth/host/libsubsys__bluetooth__host.a(hci_core.c.obj)
                0x0000000000005fb8                bt_hci_cmd_state_set_init
 .text.bt_hci_cmd_create
                0x0000000000005fdc       0xa0 zephyr/subsys/bluetooth/host/libsubsys__bluetooth__host.a(hci_core.c.obj)
                0x0000000000005fdc                bt_hci_cmd_create
 .text.bt_hci_cmd_send_sync
                0x000000000000607c       0xd8 zephyr/subsys/bluetooth/host/libsubsys__bluetooth__host.a(hci_core.c.obj)
                0x000000000000607c                bt_hci_cmd_send_sync
 .text.common_init
                0x0000000000006154       0x94 zephyr/subsys/bluetooth/host/libsubsys__bluetooth__host.a(hci_core.c.obj)
 .text.hci_le_read_max_data_len
                0x00000000000061e8       0x40 zephyr/subsys/bluetooth/host/libsubsys__bluetooth__host.a(hci_core.c.obj)
 .text.le_set_event_mask
                0x0000000000006228       0xa0 zephyr/subsys/bluetooth/host/libsubsys__bluetooth__host.a(hci_core.c.obj)
 .text.le_init  0x00000000000062c8      0x160 zephyr/subsys/bluetooth/host/libsubsys__bluetooth__host.a(hci_core.c.obj)
 .text.bt_br_init
                0x0000000000006428       0x38 zephyr/subsys/bluetooth/host/libsubsys__bluetooth__host.a(hci_core.c.obj)
 .text.hci_vs_init
                0x0000000000006460       0xf8 zephyr/subsys/bluetooth/host/libsubsys__bluetooth__host.a(hci_core.c.obj)
 .text.hci_init
                0x0000000000006558       0x64 zephyr/subsys/bluetooth/host/libsubsys__bluetooth__host.a(hci_core.c.obj)
 .text.bt_hci_le_rand
                0x00000000000065bc       0x58 zephyr/subsys/bluetooth/host/libsubsys__bluetooth__host.a(hci_core.c.obj)
                0x00000000000065bc                bt_hci_le_rand
 .text.conn_auto_initiate
                0x0000000000006614       0xc8 zephyr/subsys/bluetooth/host/libsubsys__bluetooth__host.a(hci_core.c.obj)
 .text.bt_hci_le_enh_conn_complete
                0x00000000000066dc      0x114 zephyr/subsys/bluetooth/host/libsubsys__bluetooth__host.a(hci_core.c.obj)
                0x00000000000066dc                bt_hci_le_enh_conn_complete
 .text.le_legacy_conn_complete
                0x00000000000067f0       0x64 zephyr/subsys/bluetooth/host/libsubsys__bluetooth__host.a(hci_core.c.obj)
 .text.bt_unpair
                0x0000000000006854       0x48 zephyr/subsys/bluetooth/host/libsubsys__bluetooth__host.a(hci_core.c.obj)
                0x0000000000006854                bt_unpair
 .text.hci_encrypt_key_refresh_complete
                0x000000000000689c       0x88 zephyr/subsys/bluetooth/host/libsubsys__bluetooth__host.a(hci_core.c.obj)
 .text.hci_encrypt_change
                0x0000000000006924       0x90 zephyr/subsys/bluetooth/host/libsubsys__bluetooth__host.a(hci_core.c.obj)
 .text.bt_hci_get_ver_str
                0x00000000000069b4       0x44 zephyr/subsys/bluetooth/host/libsubsys__bluetooth__host.a(hci_core.c.obj)
                0x00000000000069b4                bt_hci_get_ver_str
 .text.bt_dev_show_info
                0x00000000000069f8       0xac zephyr/subsys/bluetooth/host/libsubsys__bluetooth__host.a(hci_core.c.obj)
 .text.bt_hci_cmd_send
                0x0000000000006aa4       0x54 zephyr/subsys/bluetooth/host/libsubsys__bluetooth__host.a(hci_core.c.obj)
                0x0000000000006aa4                bt_hci_cmd_send
 .text.le_ltk_reply
                0x0000000000006af8       0x50 zephyr/subsys/bluetooth/host/libsubsys__bluetooth__host.a(hci_core.c.obj)
 .text.le_ltk_neg_reply
                0x0000000000006b48       0x38 zephyr/subsys/bluetooth/host/libsubsys__bluetooth__host.a(hci_core.c.obj)
 .text.le_ltk_request
                0x0000000000006b80       0x54 zephyr/subsys/bluetooth/host/libsubsys__bluetooth__host.a(hci_core.c.obj)
 .text.le_conn_param_neg_reply
                0x0000000000006bd4       0x3c zephyr/subsys/bluetooth/host/libsubsys__bluetooth__host.a(hci_core.c.obj)
 .text.le_conn_param_req
                0x0000000000006c10       0x68 zephyr/subsys/bluetooth/host/libsubsys__bluetooth__host.a(hci_core.c.obj)
 .text.send_cmd
                0x0000000000006c78       0xc0 zephyr/subsys/bluetooth/host/libsubsys__bluetooth__host.a(hci_core.c.obj)
 .text.process_events
                0x0000000000006d38       0x44 zephyr/subsys/bluetooth/host/libsubsys__bluetooth__host.a(hci_core.c.obj)
 .text.hci_tx_thread
                0x0000000000006d7c       0x60 zephyr/subsys/bluetooth/host/libsubsys__bluetooth__host.a(hci_core.c.obj)
 .text.hci_event_prio
                0x0000000000006ddc       0xa0 zephyr/subsys/bluetooth/host/libsubsys__bluetooth__host.a(hci_core.c.obj)
                0x0000000000006ddc                hci_event_prio
 .text.bt_recv  0x0000000000006e7c       0x38 zephyr/subsys/bluetooth/host/libsubsys__bluetooth__host.a(hci_core.c.obj)
                0x0000000000006e7c                bt_recv
 .text.bt_recv_prio
                0x0000000000006eb4       0x38 zephyr/subsys/bluetooth/host/libsubsys__bluetooth__host.a(hci_core.c.obj)
                0x0000000000006eb4                bt_recv_prio
 .text.bt_hci_driver_register
                0x0000000000006eec       0x30 zephyr/subsys/bluetooth/host/libsubsys__bluetooth__host.a(hci_core.c.obj)
                0x0000000000006eec                bt_hci_driver_register
 .text.bt_finalize_init
                0x0000000000006f1c       0x28 zephyr/subsys/bluetooth/host/libsubsys__bluetooth__host.a(hci_core.c.obj)
                0x0000000000006f1c                bt_finalize_init
 .text.bt_init  0x0000000000006f44       0x50 zephyr/subsys/bluetooth/host/libsubsys__bluetooth__host.a(hci_core.c.obj)
 .text.init_work
                0x0000000000006f94       0x14 zephyr/subsys/bluetooth/host/libsubsys__bluetooth__host.a(hci_core.c.obj)
 .text.bt_enable
                0x0000000000006fa8      0x104 zephyr/subsys/bluetooth/host/libsubsys__bluetooth__host.a(hci_core.c.obj)
                0x0000000000006fa8                bt_enable
 .text.bt_is_ready
                0x00000000000070ac       0x18 zephyr/subsys/bluetooth/host/libsubsys__bluetooth__host.a(hci_core.c.obj)
                0x00000000000070ac                bt_is_ready
 .text.bt_get_name
                0x00000000000070c4        0x8 zephyr/subsys/bluetooth/host/libsubsys__bluetooth__host.a(hci_core.c.obj)
                0x00000000000070c4                bt_get_name
 .text.id_find  0x00000000000070cc       0x38 zephyr/subsys/bluetooth/host/libsubsys__bluetooth__host.a(id.c.obj)
 .text.set_random_address
                0x0000000000007104       0x5c zephyr/subsys/bluetooth/host/libsubsys__bluetooth__host.a(id.c.obj)
 .text.find_rl_conflict
                0x0000000000007160       0xe0 zephyr/subsys/bluetooth/host/libsubsys__bluetooth__host.a(id.c.obj)
                0x0000000000007160                find_rl_conflict
 .text.le_set_privacy_mode
                0x0000000000007240       0x60 zephyr/subsys/bluetooth/host/libsubsys__bluetooth__host.a(id.c.obj)
 .text.bt_id_pending_keys_update_set
                0x00000000000072a0       0x28 zephyr/subsys/bluetooth/host/libsubsys__bluetooth__host.a(id.c.obj)
 .text.id_create
                0x00000000000072c8       0x88 zephyr/subsys/bluetooth/host/libsubsys__bluetooth__host.a(id.c.obj)
 .text.bt_id_pending_keys_update
                0x0000000000007350       0x38 zephyr/subsys/bluetooth/host/libsubsys__bluetooth__host.a(id.c.obj)
                0x0000000000007350                bt_id_pending_keys_update
 .text.bt_id_find_conflict
                0x0000000000007388       0x24 zephyr/subsys/bluetooth/host/libsubsys__bluetooth__host.a(id.c.obj)
                0x0000000000007388                bt_id_find_conflict
 .text.bt_id_add
                0x00000000000073ac      0x130 zephyr/subsys/bluetooth/host/libsubsys__bluetooth__host.a(id.c.obj)
                0x00000000000073ac                bt_id_add
 .text.bt_id_del
                0x00000000000074dc      0x114 zephyr/subsys/bluetooth/host/libsubsys__bluetooth__host.a(id.c.obj)
                0x00000000000074dc                bt_id_del
 .text.bt_id_create
                0x00000000000075f0       0xc0 zephyr/subsys/bluetooth/host/libsubsys__bluetooth__host.a(id.c.obj)
                0x00000000000075f0                bt_id_create
 .text.bt_id_read_public_addr
                0x00000000000076b0       0x80 zephyr/subsys/bluetooth/host/libsubsys__bluetooth__host.a(id.c.obj)
                0x00000000000076b0                bt_id_read_public_addr
 .text.bt_setup_public_id_addr
                0x0000000000007730       0x28 zephyr/subsys/bluetooth/host/libsubsys__bluetooth__host.a(id.c.obj)
                0x0000000000007730                bt_setup_public_id_addr
 .text.bt_read_static_addr
                0x0000000000007758       0xb4 zephyr/subsys/bluetooth/host/libsubsys__bluetooth__host.a(id.c.obj)
                0x0000000000007758                bt_read_static_addr
 .text.bt_setup_random_id_addr
                0x000000000000780c       0x64 zephyr/subsys/bluetooth/host/libsubsys__bluetooth__host.a(id.c.obj)
                0x000000000000780c                bt_setup_random_id_addr
 .text.bt_id_set_adv_own_addr
                0x0000000000007870       0xf0 zephyr/subsys/bluetooth/host/libsubsys__bluetooth__host.a(id.c.obj)
                0x0000000000007870                bt_id_set_adv_own_addr
 .text.adv_get_legacy
                0x0000000000007960        0x8 zephyr/subsys/bluetooth/host/libsubsys__bluetooth__host.a(adv.c.obj)
 .text.set_data_add_complete
                0x0000000000007968       0xb8 zephyr/subsys/bluetooth/host/libsubsys__bluetooth__host.a(adv.c.obj)
 .text.valid_adv_ext_param
                0x0000000000007a20       0x94 zephyr/subsys/bluetooth/host/libsubsys__bluetooth__host.a(adv.c.obj)
 .text.le_adv_start_add_conn
                0x0000000000007ab4       0x80 zephyr/subsys/bluetooth/host/libsubsys__bluetooth__host.a(adv.c.obj)
 .text.le_adv_stop_free_conn
                0x0000000000007b34       0x4c zephyr/subsys/bluetooth/host/libsubsys__bluetooth__host.a(adv.c.obj)
 .text.bt_le_ext_adv_foreach
                0x0000000000007b80       0x10 zephyr/subsys/bluetooth/host/libsubsys__bluetooth__host.a(adv.c.obj)
                0x0000000000007b80                bt_le_ext_adv_foreach
 .text.bt_le_adv_lookup_legacy
                0x0000000000007b90        0x8 zephyr/subsys/bluetooth/host/libsubsys__bluetooth__host.a(adv.c.obj)
                0x0000000000007b90                bt_le_adv_lookup_legacy
 .text.bt_le_adv_start_legacy
                0x0000000000007b98      0x294 zephyr/subsys/bluetooth/host/libsubsys__bluetooth__host.a(adv.c.obj)
                0x0000000000007b98                bt_le_adv_start_legacy
 .text.bt_le_adv_start
                0x0000000000007e2c       0x60 zephyr/subsys/bluetooth/host/libsubsys__bluetooth__host.a(adv.c.obj)
                0x0000000000007e2c                bt_le_adv_start
 .text.bt_le_adv_stop
                0x0000000000007e8c       0x68 zephyr/subsys/bluetooth/host/libsubsys__bluetooth__host.a(adv.c.obj)
                0x0000000000007e8c                bt_le_adv_stop
 .text.adv_timeout
                0x0000000000007ef4       0x1c zephyr/subsys/bluetooth/host/libsubsys__bluetooth__host.a(adv.c.obj)
 .text.bt_le_adv_resume
                0x0000000000007f10       0xc4 zephyr/subsys/bluetooth/host/libsubsys__bluetooth__host.a(adv.c.obj)
                0x0000000000007f10                bt_le_adv_resume
 .text.bt_pub_key_is_debug
                0x0000000000007fd4       0x18 zephyr/subsys/bluetooth/host/libsubsys__bluetooth__host.a(ecc.c.obj)
                0x0000000000007fd4                bt_pub_key_is_debug
 .text.bt_pub_key_gen
                0x0000000000007fec      0x114 zephyr/subsys/bluetooth/host/libsubsys__bluetooth__host.a(ecc.c.obj)
                0x0000000000007fec                bt_pub_key_gen
 .text.bt_pub_key_get
                0x0000000000008100       0x24 zephyr/subsys/bluetooth/host/libsubsys__bluetooth__host.a(ecc.c.obj)
                0x0000000000008100                bt_pub_key_get
 .text.bt_dh_key_gen
                0x0000000000008124       0x70 zephyr/subsys/bluetooth/host/libsubsys__bluetooth__host.a(ecc.c.obj)
                0x0000000000008124                bt_dh_key_gen
 .text.bt_hci_evt_le_pkey_complete
                0x0000000000008194       0xa0 zephyr/subsys/bluetooth/host/libsubsys__bluetooth__host.a(ecc.c.obj)
                0x0000000000008194                bt_hci_evt_le_pkey_complete
 .text.bt_hci_evt_le_dhkey_complete
                0x0000000000008234       0x24 zephyr/subsys/bluetooth/host/libsubsys__bluetooth__host.a(ecc.c.obj)
                0x0000000000008234                bt_hci_evt_le_dhkey_complete
 .text.state2str
                0x0000000000008258       0x64 zephyr/subsys/bluetooth/host/libsubsys__bluetooth__host.a(conn.c.obj)
 .text.tx_free  0x00000000000082bc       0x18 zephyr/subsys/bluetooth/host/libsubsys__bluetooth__host.a(conn.c.obj)
 .text.notify_disconnected
                0x00000000000082d4       0x6c zephyr/subsys/bluetooth/host/libsubsys__bluetooth__host.a(conn.c.obj)
 .text.conn_tx_destroy
                0x0000000000008340       0x38 zephyr/subsys/bluetooth/host/libsubsys__bluetooth__host.a(conn.c.obj)
 .text.notify_connected
                0x0000000000008378       0x6c zephyr/subsys/bluetooth/host/libsubsys__bluetooth__host.a(conn.c.obj)
 .text.conn_internal_to_public_state
                0x00000000000083e4       0x44 zephyr/subsys/bluetooth/host/libsubsys__bluetooth__host.a(conn.c.obj)
 .text.conn_tx_alloc
                0x0000000000008428       0x38 zephyr/subsys/bluetooth/host/libsubsys__bluetooth__host.a(conn.c.obj)
 .text.bt_conn_get_pkts
                0x0000000000008460       0x18 zephyr/subsys/bluetooth/host/libsubsys__bluetooth__host.a(conn.c.obj)
                0x0000000000008460                bt_conn_get_pkts
 .text.do_send_frag
                0x0000000000008478       0xfc zephyr/subsys/bluetooth/host/libsubsys__bluetooth__host.a(conn.c.obj)
 .text.send_frag
                0x0000000000008574       0x80 zephyr/subsys/bluetooth/host/libsubsys__bluetooth__host.a(conn.c.obj)
 .text.bt_conn_new
                0x00000000000085f4       0x68 zephyr/subsys/bluetooth/host/libsubsys__bluetooth__host.a(conn.c.obj)
                0x00000000000085f4                bt_conn_new
 .text.acl_conn_new
                0x000000000000865c       0x10 zephyr/subsys/bluetooth/host/libsubsys__bluetooth__host.a(conn.c.obj)
 .text.bt_acl_recv
                0x000000000000866c       0xe8 zephyr/subsys/bluetooth/host/libsubsys__bluetooth__host.a(conn.c.obj)
 .text.conn_cleanup
                0x0000000000008754       0x84 zephyr/subsys/bluetooth/host/libsubsys__bluetooth__host.a(conn.c.obj)
 .text.bt_conn_send_cb
                0x00000000000087d8       0x94 zephyr/subsys/bluetooth/host/libsubsys__bluetooth__host.a(conn.c.obj)
                0x00000000000087d8                bt_conn_send_cb
 .text.bt_conn_prepare_events
                0x000000000000886c       0x48 zephyr/subsys/bluetooth/host/libsubsys__bluetooth__host.a(conn.c.obj)
                0x000000000000886c                bt_conn_prepare_events
 .text.bt_conn_ref
                0x00000000000088b4       0x5c zephyr/subsys/bluetooth/host/libsubsys__bluetooth__host.a(conn.c.obj)
                0x00000000000088b4                bt_conn_ref
 .text.bt_conn_unref
                0x0000000000008910       0x64 zephyr/subsys/bluetooth/host/libsubsys__bluetooth__host.a(conn.c.obj)
                0x0000000000008910                bt_conn_unref
 .text.bt_conn_set_state
                0x0000000000008974      0x168 zephyr/subsys/bluetooth/host/libsubsys__bluetooth__host.a(conn.c.obj)
                0x0000000000008974                bt_conn_set_state
 .text.bt_conn_lookup_handle
                0x0000000000008adc       0x3c zephyr/subsys/bluetooth/host/libsubsys__bluetooth__host.a(conn.c.obj)
                0x0000000000008adc                bt_conn_lookup_handle
 .text.bt_conn_foreach
                0x0000000000008b18       0x44 zephyr/subsys/bluetooth/host/libsubsys__bluetooth__host.a(conn.c.obj)
                0x0000000000008b18                bt_conn_foreach
 .text.bt_conn_index
                0x0000000000008b5c       0x40 zephyr/subsys/bluetooth/host/libsubsys__bluetooth__host.a(conn.c.obj)
                0x0000000000008b5c                bt_conn_index
 .text.bt_conn_create_pdu_timeout
                0x0000000000008b9c       0x64 zephyr/subsys/bluetooth/host/libsubsys__bluetooth__host.a(conn.c.obj)
                0x0000000000008b9c                bt_conn_create_pdu_timeout
 .text.bt_conn_disconnect
                0x0000000000008c00       0x5c zephyr/subsys/bluetooth/host/libsubsys__bluetooth__host.a(conn.c.obj)
                0x0000000000008c00                bt_conn_disconnect
 .text.notify_le_param_updated
                0x0000000000008c5c       0xc4 zephyr/subsys/bluetooth/host/libsubsys__bluetooth__host.a(conn.c.obj)
                0x0000000000008c5c                notify_le_param_updated
 .text.le_param_req
                0x0000000000008d20       0x9c zephyr/subsys/bluetooth/host/libsubsys__bluetooth__host.a(conn.c.obj)
                0x0000000000008d20                le_param_req
 .text.bt_conn_identity_resolved
                0x0000000000008dbc       0x80 zephyr/subsys/bluetooth/host/libsubsys__bluetooth__host.a(conn.c.obj)
                0x0000000000008dbc                bt_conn_identity_resolved
 .text.bt_conn_cb_register
                0x0000000000008e3c       0x10 zephyr/subsys/bluetooth/host/libsubsys__bluetooth__host.a(conn.c.obj)
                0x0000000000008e3c                bt_conn_cb_register
 .text.bt_conn_lookup_addr_le
                0x0000000000008e4c       0x48 zephyr/subsys/bluetooth/host/libsubsys__bluetooth__host.a(conn.c.obj)
                0x0000000000008e4c                bt_conn_lookup_addr_le
 .text.bt_conn_exists_le
                0x0000000000008e94       0x40 zephyr/subsys/bluetooth/host/libsubsys__bluetooth__host.a(conn.c.obj)
                0x0000000000008e94                bt_conn_exists_le
 .text.bt_conn_lookup_state_le
                0x0000000000008ed4       0x60 zephyr/subsys/bluetooth/host/libsubsys__bluetooth__host.a(conn.c.obj)
                0x0000000000008ed4                bt_conn_lookup_state_le
 .text.bt_conn_security_changed
                0x0000000000008f34       0xa0 zephyr/subsys/bluetooth/host/libsubsys__bluetooth__host.a(conn.c.obj)
                0x0000000000008f34                bt_conn_security_changed
 .text.bt_conn_get_info
                0x0000000000008fd4       0xb4 zephyr/subsys/bluetooth/host/libsubsys__bluetooth__host.a(conn.c.obj)
                0x0000000000008fd4                bt_conn_get_info
 .text.send_conn_le_param_update
                0x0000000000009088       0x70 zephyr/subsys/bluetooth/host/libsubsys__bluetooth__host.a(conn.c.obj)
 .text.deferred_work
                0x00000000000090f8       0xf0 zephyr/subsys/bluetooth/host/libsubsys__bluetooth__host.a(conn.c.obj)
 .text.bt_conn_create_frag_timeout
                0x00000000000091e8       0x10 zephyr/subsys/bluetooth/host/libsubsys__bluetooth__host.a(conn.c.obj)
                0x00000000000091e8                bt_conn_create_frag_timeout
 .text.send_buf
                0x00000000000091f8       0x88 zephyr/subsys/bluetooth/host/libsubsys__bluetooth__host.a(conn.c.obj)
 .text.bt_conn_process_tx
                0x0000000000009280       0x84 zephyr/subsys/bluetooth/host/libsubsys__bluetooth__host.a(conn.c.obj)
                0x0000000000009280                bt_conn_process_tx
 .text.bt_conn_auth_info_cb_register
                0x0000000000009304       0x30 zephyr/subsys/bluetooth/host/libsubsys__bluetooth__host.a(conn.c.obj)
                0x0000000000009304                bt_conn_auth_info_cb_register
 .text.bt_conn_init
                0x0000000000009334       0x3c zephyr/subsys/bluetooth/host/libsubsys__bluetooth__host.a(conn.c.obj)
                0x0000000000009334                bt_conn_init
 .text.get_ident
                0x0000000000009370       0x1c zephyr/subsys/bluetooth/host/libsubsys__bluetooth__host.a(l2cap.c.obj)
 .text.l2cap_accept
                0x000000000000938c       0x44 zephyr/subsys/bluetooth/host/libsubsys__bluetooth__host.a(l2cap.c.obj)
 .text.le_conn_param_rsp
                0x00000000000093d0       0x18 zephyr/subsys/bluetooth/host/libsubsys__bluetooth__host.a(l2cap.c.obj)
 .text.l2cap_chan_add
                0x00000000000093e8       0x3c zephyr/subsys/bluetooth/host/libsubsys__bluetooth__host.a(l2cap.c.obj)
 .text.bt_l2cap_connected
                0x0000000000009424       0x9c zephyr/subsys/bluetooth/host/libsubsys__bluetooth__host.a(l2cap.c.obj)
                0x0000000000009424                bt_l2cap_connected
 .text.l2cap_create_le_sig_pdu
                0x00000000000094c0       0x3c zephyr/subsys/bluetooth/host/libsubsys__bluetooth__host.a(l2cap.c.obj)
 .text.l2cap_recv
                0x00000000000094fc       0x84 zephyr/subsys/bluetooth/host/libsubsys__bluetooth__host.a(l2cap.c.obj)
 .text.bt_l2cap_recv
                0x0000000000009580       0x58 zephyr/subsys/bluetooth/host/libsubsys__bluetooth__host.a(l2cap.c.obj)
                0x0000000000009580                bt_l2cap_recv
 .text.att_op_get_type
                0x00000000000095d8       0xa4 zephyr/subsys/bluetooth/host/libsubsys__bluetooth__host.a(att.c.obj)
 .text.att_get  0x000000000000967c       0x54 zephyr/subsys/bluetooth/host/libsubsys__bluetooth__host.a(att.c.obj)
 .text.tx_meta_data_alloc
                0x00000000000096d0       0x34 zephyr/subsys/bluetooth/host/libsubsys__bluetooth__host.a(att.c.obj)
 .text.bt_att_chan_create_pdu
                0x0000000000009704       0xa0 zephyr/subsys/bluetooth/host/libsubsys__bluetooth__host.a(att.c.obj)
 .text.att_chan_new
                0x00000000000097a4       0xbc zephyr/subsys/bluetooth/host/libsubsys__bluetooth__host.a(att.c.obj)
 .text.bt_att_accept
                0x0000000000009860       0x78 zephyr/subsys/bluetooth/host/libsubsys__bluetooth__host.a(att.c.obj)
 .text.bt_att_released
                0x00000000000098d8       0x10 zephyr/subsys/bluetooth/host/libsubsys__bluetooth__host.a(att.c.obj)
 .text.att_cb   0x00000000000098e8       0x58 zephyr/subsys/bluetooth/host/libsubsys__bluetooth__host.a(att.c.obj)
 .text.tx_meta_data_free
                0x0000000000009940       0x3c zephyr/subsys/bluetooth/host/libsubsys__bluetooth__host.a(att.c.obj)
 .text.chan_send
                0x000000000000997c       0xc0 zephyr/subsys/bluetooth/host/libsubsys__bluetooth__host.a(att.c.obj)
 .text.bt_att_chan_req_send
                0x0000000000009a3c       0x7c zephyr/subsys/bluetooth/host/libsubsys__bluetooth__host.a(att.c.obj)
 .text.read_group_cb
                0x0000000000009ab8       0xc0 zephyr/subsys/bluetooth/host/libsubsys__bluetooth__host.a(att.c.obj)
 .text.read_type_cb
                0x0000000000009b78       0xbc zephyr/subsys/bluetooth/host/libsubsys__bluetooth__host.a(att.c.obj)
 .text.find_type_cb
                0x0000000000009c34      0x17c zephyr/subsys/bluetooth/host/libsubsys__bluetooth__host.a(att.c.obj)
 .text.bt_att_recv
                0x0000000000009db0      0x114 zephyr/subsys/bluetooth/host/libsubsys__bluetooth__host.a(att.c.obj)
 .text.att_write_rsp
                0x0000000000009ec4       0xe4 zephyr/subsys/bluetooth/host/libsubsys__bluetooth__host.a(att.c.obj)
 .text.bt_att_connected
                0x0000000000009fa8       0x3c zephyr/subsys/bluetooth/host/libsubsys__bluetooth__host.a(att.c.obj)
 .text.bt_addr_le_to_str
                0x0000000000009fe4       0xa8 zephyr/subsys/bluetooth/host/libsubsys__bluetooth__host.a(att.c.obj)
 .text.bt_att_create_pdu
                0x000000000000a08c       0x70 zephyr/subsys/bluetooth/host/libsubsys__bluetooth__host.a(att.c.obj)
                0x000000000000a08c                bt_att_create_pdu
 .text.bt_att_create_rsp_pdu
                0x000000000000a0fc       0x7c zephyr/subsys/bluetooth/host/libsubsys__bluetooth__host.a(att.c.obj)
                0x000000000000a0fc                bt_att_create_rsp_pdu
 .text.att_read_group_rsp
                0x000000000000a178       0x8c zephyr/subsys/bluetooth/host/libsubsys__bluetooth__host.a(att.c.obj)
 .text.att_read_mult_vl_req
                0x000000000000a204       0xa8 zephyr/subsys/bluetooth/host/libsubsys__bluetooth__host.a(att.c.obj)
 .text.att_read_mult_req
                0x000000000000a2ac       0xa8 zephyr/subsys/bluetooth/host/libsubsys__bluetooth__host.a(att.c.obj)
 .text.att_read_rsp
                0x000000000000a354       0xac zephyr/subsys/bluetooth/host/libsubsys__bluetooth__host.a(att.c.obj)
 .text.att_read_type_rsp
                0x000000000000a400       0x94 zephyr/subsys/bluetooth/host/libsubsys__bluetooth__host.a(att.c.obj)
 .text.att_find_type_rsp
                0x000000000000a494       0x88 zephyr/subsys/bluetooth/host/libsubsys__bluetooth__host.a(att.c.obj)
 .text.att_find_info_rsp
                0x000000000000a51c       0x70 zephyr/subsys/bluetooth/host/libsubsys__bluetooth__host.a(att.c.obj)
 .text.bt_att_init
                0x000000000000a58c       0x30 zephyr/subsys/bluetooth/host/libsubsys__bluetooth__host.a(att.c.obj)
                0x000000000000a58c                bt_att_init
 .text.bt_att_req_alloc
                0x000000000000a5bc       0x54 zephyr/subsys/bluetooth/host/libsubsys__bluetooth__host.a(att.c.obj)
                0x000000000000a5bc                bt_att_req_alloc
 .text.bt_att_req_free
                0x000000000000a610       0x28 zephyr/subsys/bluetooth/host/libsubsys__bluetooth__host.a(att.c.obj)
                0x000000000000a610                bt_att_req_free
 .text.att_handle_rsp
                0x000000000000a638       0x70 zephyr/subsys/bluetooth/host/libsubsys__bluetooth__host.a(att.c.obj)
 .text.att_reset
                0x000000000000a6a8       0x6c zephyr/subsys/bluetooth/host/libsubsys__bluetooth__host.a(att.c.obj)
 .text.att_timeout
                0x000000000000a714       0x34 zephyr/subsys/bluetooth/host/libsubsys__bluetooth__host.a(att.c.obj)
 .text.bt_att_send
                0x000000000000a748       0x6c zephyr/subsys/bluetooth/host/libsubsys__bluetooth__host.a(att.c.obj)
                0x000000000000a748                bt_att_send
 .text.bt_att_req_send
                0x000000000000a7b4       0x7c zephyr/subsys/bluetooth/host/libsubsys__bluetooth__host.a(att.c.obj)
                0x000000000000a7b4                bt_att_req_send
 .text.gatt_delayed_store_find
                0x000000000000a830       0x40 zephyr/subsys/bluetooth/host/libsubsys__bluetooth__host.a(gatt.c.obj)
 .text.ccc_save
                0x000000000000a870       0x40 zephyr/subsys/bluetooth/host/libsubsys__bluetooth__host.a(gatt.c.obj)
 .text.remove_peer_from_attr
                0x000000000000a8b0       0x2c zephyr/subsys/bluetooth/host/libsubsys__bluetooth__host.a(gatt.c.obj)
 .text.bt_gatt_service_init
                0x000000000000a8dc       0x70 zephyr/subsys/bluetooth/host/libsubsys__bluetooth__host.a(gatt.c.obj)
 .text.convert_to_id_on_match
                0x000000000000a94c       0x44 zephyr/subsys/bluetooth/host/libsubsys__bluetooth__host.a(gatt.c.obj)
 .text.gatt_delayed_store_alloc
                0x000000000000a990       0x50 zephyr/subsys/bluetooth/host/libsubsys__bluetooth__host.a(gatt.c.obj)
 .text.clear_ccc_cfg
                0x000000000000a9e0       0x18 zephyr/subsys/bluetooth/host/libsubsys__bluetooth__host.a(gatt.c.obj)
 .text.ccc_load
                0x000000000000a9f8       0x8c zephyr/subsys/bluetooth/host/libsubsys__bluetooth__host.a(gatt.c.obj)
 .text.find_ccc_cfg
                0x000000000000aa84       0x54 zephyr/subsys/bluetooth/host/libsubsys__bluetooth__host.a(gatt.c.obj)
 .text.gatt_delayed_store_enqueue
                0x000000000000aad8       0x60 zephyr/subsys/bluetooth/host/libsubsys__bluetooth__host.a(gatt.c.obj)
 .text.bt_gatt_attr_write_ccc
                0x000000000000ab38       0xd8 zephyr/subsys/bluetooth/host/libsubsys__bluetooth__host.a(gatt.c.obj)
                0x000000000000ab38                bt_gatt_attr_write_ccc
 .text.sc_store
                0x000000000000ac10       0x28 zephyr/subsys/bluetooth/host/libsubsys__bluetooth__host.a(gatt.c.obj)
 .text.sc_save  0x000000000000ac38       0x74 zephyr/subsys/bluetooth/host/libsubsys__bluetooth__host.a(gatt.c.obj)
 .text.bt_gatt_clear_sc
                0x000000000000acac       0x30 zephyr/subsys/bluetooth/host/libsubsys__bluetooth__host.a(gatt.c.obj)
 .text.sc_clear
                0x000000000000acdc       0x40 zephyr/subsys/bluetooth/host/libsubsys__bluetooth__host.a(gatt.c.obj)
 .text.disconnected_cb
                0x000000000000ad1c       0xc4 zephyr/subsys/bluetooth/host/libsubsys__bluetooth__host.a(gatt.c.obj)
 .text.bt_gatt_init
                0x000000000000ade0       0x54 zephyr/subsys/bluetooth/host/libsubsys__bluetooth__host.a(gatt.c.obj)
                0x000000000000ade0                bt_gatt_init
 .text.bt_gatt_attr_get_handle
                0x000000000000ae34       0x8c zephyr/subsys/bluetooth/host/libsubsys__bluetooth__host.a(gatt.c.obj)
                0x000000000000ae34                bt_gatt_attr_get_handle
 .text.bt_gatt_foreach_attr_type
                0x000000000000aec0       0xc4 zephyr/subsys/bluetooth/host/libsubsys__bluetooth__host.a(gatt.c.obj)
                0x000000000000aec0                bt_gatt_foreach_attr_type
 .text.ccc_set  0x000000000000af84       0xd8 zephyr/subsys/bluetooth/host/libsubsys__bluetooth__host.a(gatt.c.obj)
 .text.bt_gatt_clear_ccc
                0x000000000000b05c       0x38 zephyr/subsys/bluetooth/host/libsubsys__bluetooth__host.a(gatt.c.obj)
 .text.gatt_find_by_uuid
                0x000000000000b094       0x30 zephyr/subsys/bluetooth/host/libsubsys__bluetooth__host.a(gatt.c.obj)
 .text.bt_gatt_attr_next
                0x000000000000b0c4       0x30 zephyr/subsys/bluetooth/host/libsubsys__bluetooth__host.a(gatt.c.obj)
                0x000000000000b0c4                bt_gatt_attr_next
 .text.update_ccc
                0x000000000000b0f4       0xa0 zephyr/subsys/bluetooth/host/libsubsys__bluetooth__host.a(gatt.c.obj)
 .text.bt_gatt_is_subscribed
                0x000000000000b194      0x19c zephyr/subsys/bluetooth/host/libsubsys__bluetooth__host.a(gatt.c.obj)
                0x000000000000b194                bt_gatt_is_subscribed
 .text.gatt_indicate
                0x000000000000b330       0xe0 zephyr/subsys/bluetooth/host/libsubsys__bluetooth__host.a(gatt.c.obj)
 .text.gatt_notify
                0x000000000000b410       0xa4 zephyr/subsys/bluetooth/host/libsubsys__bluetooth__host.a(gatt.c.obj)
 .text.bt_gatt_notify_cb
                0x000000000000b4b4      0x12c zephyr/subsys/bluetooth/host/libsubsys__bluetooth__host.a(gatt.c.obj)
                0x000000000000b4b4                bt_gatt_notify_cb
 .text.notify_cb
                0x000000000000b5e0      0x108 zephyr/subsys/bluetooth/host/libsubsys__bluetooth__host.a(gatt.c.obj)
 .text.bt_gatt_connected
                0x000000000000b6e8       0x54 zephyr/subsys/bluetooth/host/libsubsys__bluetooth__host.a(gatt.c.obj)
                0x000000000000b6e8                bt_gatt_connected
 .text.bt_gatt_att_max_mtu_changed
                0x000000000000b73c       0x38 zephyr/subsys/bluetooth/host/libsubsys__bluetooth__host.a(gatt.c.obj)
                0x000000000000b73c                bt_gatt_att_max_mtu_changed
 .text.bt_gatt_encrypt_change
                0x000000000000b774       0x2c zephyr/subsys/bluetooth/host/libsubsys__bluetooth__host.a(gatt.c.obj)
                0x000000000000b774                bt_gatt_encrypt_change
 .text.bt_gatt_store_ccc
                0x000000000000b7a0       0x6c zephyr/subsys/bluetooth/host/libsubsys__bluetooth__host.a(gatt.c.obj)
                0x000000000000b7a0                bt_gatt_store_ccc
 .text.bt_gatt_identity_resolved
                0x000000000000b80c       0x60 zephyr/subsys/bluetooth/host/libsubsys__bluetooth__host.a(gatt.c.obj)
 .text.bt_gatt_disconnected
                0x000000000000b86c       0x30 zephyr/subsys/bluetooth/host/libsubsys__bluetooth__host.a(gatt.c.obj)
                0x000000000000b86c                bt_gatt_disconnected
 .text.le_sc_supported
                0x000000000000b89c       0x18 zephyr/subsys/bluetooth/host/libsubsys__bluetooth__host.a(smp.c.obj)
 .text.smp_chan_get
                0x000000000000b8b4       0x24 zephyr/subsys/bluetooth/host/libsubsys__bluetooth__host.a(smp.c.obj)
 .text.bt_smp_accept
                0x000000000000b8d8       0x54 zephyr/subsys/bluetooth/host/libsubsys__bluetooth__host.a(smp.c.obj)
 .text.smp_find
                0x000000000000b92c       0x34 zephyr/subsys/bluetooth/host/libsubsys__bluetooth__host.a(smp.c.obj)
 .text.latch_auth_cb
                0x000000000000b960       0x40 zephyr/subsys/bluetooth/host/libsubsys__bluetooth__host.a(smp.c.obj)
 .text.get_io_capa
                0x000000000000b9a0       0x50 zephyr/subsys/bluetooth/host/libsubsys__bluetooth__host.a(smp.c.obj)
 .text.legacy_get_pair_method
                0x000000000000b9f0       0x54 zephyr/subsys/bluetooth/host/libsubsys__bluetooth__host.a(smp.c.obj)
 .text.get_pair_method
                0x000000000000ba44       0x60 zephyr/subsys/bluetooth/host/libsubsys__bluetooth__host.a(smp.c.obj)
 .text.sec_level_reachable
                0x000000000000baa4       0x7c zephyr/subsys/bluetooth/host/libsubsys__bluetooth__host.a(smp.c.obj)
 .text.latch_bondable
                0x000000000000bb20       0x3c zephyr/subsys/bluetooth/host/libsubsys__bluetooth__host.a(smp.c.obj)
 .text.get_auth
                0x000000000000bb5c       0x44 zephyr/subsys/bluetooth/host/libsubsys__bluetooth__host.a(smp.c.obj)
 .text.smp_send
                0x000000000000bba0       0x4c zephyr/subsys/bluetooth/host/libsubsys__bluetooth__host.a(smp.c.obj)
 .text.sc_send_public_key
                0x000000000000bbec       0x98 zephyr/subsys/bluetooth/host/libsubsys__bluetooth__host.a(smp.c.obj)
 .text.smp_send_pairing_confirm
                0x000000000000bc84       0xa8 zephyr/subsys/bluetooth/host/libsubsys__bluetooth__host.a(smp.c.obj)
 .text.sc_smp_check_confirm
                0x000000000000bd2c       0x80 zephyr/subsys/bluetooth/host/libsubsys__bluetooth__host.a(smp.c.obj)
 .text.smp_pairing_confirm
                0x000000000000bdac       0xcc zephyr/subsys/bluetooth/host/libsubsys__bluetooth__host.a(smp.c.obj)
 .text.legacy_pairing_random
                0x000000000000be78       0xa0 zephyr/subsys/bluetooth/host/libsubsys__bluetooth__host.a(smp.c.obj)
 .text.compute_and_check_and_send_periph_dhcheck
                0x000000000000bf18      0x164 zephyr/subsys/bluetooth/host/libsubsys__bluetooth__host.a(smp.c.obj)
 .text.display_passkey
                0x000000000000c07c       0x70 zephyr/subsys/bluetooth/host/libsubsys__bluetooth__host.a(smp.c.obj)
 .text.smp_init
                0x000000000000c0ec       0x48 zephyr/subsys/bluetooth/host/libsubsys__bluetooth__host.a(smp.c.obj)
 .text.legacy_distribute_keys
                0x000000000000c134      0x108 zephyr/subsys/bluetooth/host/libsubsys__bluetooth__host.a(smp.c.obj)
 .text.bt_smp_distribute_keys
                0x000000000000c23c       0x40 zephyr/subsys/bluetooth/host/libsubsys__bluetooth__host.a(smp.c.obj)
 .text.smp_dhkey_generate
                0x000000000000c27c       0x58 zephyr/subsys/bluetooth/host/libsubsys__bluetooth__host.a(smp.c.obj)
 .text.smp_public_key_periph
                0x000000000000c2d4      0x140 zephyr/subsys/bluetooth/host/libsubsys__bluetooth__host.a(smp.c.obj)
 .text.smp_public_key
                0x000000000000c414       0xe0 zephyr/subsys/bluetooth/host/libsubsys__bluetooth__host.a(smp.c.obj)
 .text.legacy_request_tk
                0x000000000000c4f4      0x134 zephyr/subsys/bluetooth/host/libsubsys__bluetooth__host.a(smp.c.obj)
 .text.smp_pairing_req
                0x000000000000c628      0x210 zephyr/subsys/bluetooth/host/libsubsys__bluetooth__host.a(smp.c.obj)
 .text.smp_ident_info
                0x000000000000c838       0x74 zephyr/subsys/bluetooth/host/libsubsys__bluetooth__host.a(smp.c.obj)
 .text.smp_encrypt_info
                0x000000000000c8ac       0x74 zephyr/subsys/bluetooth/host/libsubsys__bluetooth__host.a(smp.c.obj)
 .text.smp_id_add_replace
                0x000000000000c920       0x70 zephyr/subsys/bluetooth/host/libsubsys__bluetooth__host.a(smp.c.obj)
 .text.smp_pairing_random
                0x000000000000c990      0x1cc zephyr/subsys/bluetooth/host/libsubsys__bluetooth__host.a(smp.c.obj)
 .text.bt_smp_connected
                0x000000000000cb5c       0x54 zephyr/subsys/bluetooth/host/libsubsys__bluetooth__host.a(smp.c.obj)
 .text.smp_pairing_complete
                0x000000000000cbb0      0x11c zephyr/subsys/bluetooth/host/libsubsys__bluetooth__host.a(smp.c.obj)
 .text.smp_error
                0x000000000000cccc       0xa8 zephyr/subsys/bluetooth/host/libsubsys__bluetooth__host.a(smp.c.obj)
 .text.bt_smp_recv
                0x000000000000cd74       0xec zephyr/subsys/bluetooth/host/libsubsys__bluetooth__host.a(smp.c.obj)
 .text.bt_smp_pkey_ready
                0x000000000000ce60       0x5c zephyr/subsys/bluetooth/host/libsubsys__bluetooth__host.a(smp.c.obj)
 .text.smp_ident_addr_info
                0x000000000000cebc      0x164 zephyr/subsys/bluetooth/host/libsubsys__bluetooth__host.a(smp.c.obj)
 .text.smp_central_ident
                0x000000000000d020       0xb4 zephyr/subsys/bluetooth/host/libsubsys__bluetooth__host.a(smp.c.obj)
 .text.smp_pairing_failed
                0x000000000000d0d4       0x54 zephyr/subsys/bluetooth/host/libsubsys__bluetooth__host.a(smp.c.obj)
 .text.smp_check_complete
                0x000000000000d128       0x58 zephyr/subsys/bluetooth/host/libsubsys__bluetooth__host.a(smp.c.obj)
 .text.smp_timeout
                0x000000000000d180       0x3c zephyr/subsys/bluetooth/host/libsubsys__bluetooth__host.a(smp.c.obj)
 .text.bt_smp_update_keys
                0x000000000000d1bc      0x130 zephyr/subsys/bluetooth/host/libsubsys__bluetooth__host.a(smp.c.obj)
                0x000000000000d1bc                bt_smp_update_keys
 .text.bt_smp_init
                0x000000000000d2ec       0x1c zephyr/subsys/bluetooth/host/libsubsys__bluetooth__host.a(smp.c.obj)
                0x000000000000d2ec                bt_smp_init
 .text.key_is_in_use
                0x000000000000d308       0x28 zephyr/subsys/bluetooth/host/libsubsys__bluetooth__host.a(keys.c.obj)
 .text.id_add   0x000000000000d330       0x2c zephyr/subsys/bluetooth/host/libsubsys__bluetooth__host.a(keys.c.obj)
 .text.bt_keys_get_addr
                0x000000000000d35c      0x134 zephyr/subsys/bluetooth/host/libsubsys__bluetooth__host.a(keys.c.obj)
                0x000000000000d35c                bt_keys_get_addr
 .text.bt_foreach_bond
                0x000000000000d490       0x68 zephyr/subsys/bluetooth/host/libsubsys__bluetooth__host.a(keys.c.obj)
                0x000000000000d490                bt_foreach_bond
 .text.bt_keys_foreach_type
                0x000000000000d4f8       0x50 zephyr/subsys/bluetooth/host/libsubsys__bluetooth__host.a(keys.c.obj)
                0x000000000000d4f8                bt_keys_foreach_type
 .text.keys_commit
                0x000000000000d548       0x14 zephyr/subsys/bluetooth/host/libsubsys__bluetooth__host.a(keys.c.obj)
 .text.bt_keys_find
                0x000000000000d55c       0x74 zephyr/subsys/bluetooth/host/libsubsys__bluetooth__host.a(keys.c.obj)
                0x000000000000d55c                bt_keys_find
 .text.bt_keys_find_irk
                0x000000000000d5d0       0xe8 zephyr/subsys/bluetooth/host/libsubsys__bluetooth__host.a(keys.c.obj)
                0x000000000000d5d0                bt_keys_find_irk
 .text.bt_keys_find_addr
                0x000000000000d6b8       0x68 zephyr/subsys/bluetooth/host/libsubsys__bluetooth__host.a(keys.c.obj)
                0x000000000000d6b8                bt_keys_find_addr
 .text.find_key_in_use
                0x000000000000d720       0x6c zephyr/subsys/bluetooth/host/libsubsys__bluetooth__host.a(keys.c.obj)
 .text.bt_keys_add_type
                0x000000000000d78c       0x2c zephyr/subsys/bluetooth/host/libsubsys__bluetooth__host.a(keys.c.obj)
                0x000000000000d78c                bt_keys_add_type
 .text.bt_keys_get_type
                0x000000000000d7b8       0x48 zephyr/subsys/bluetooth/host/libsubsys__bluetooth__host.a(keys.c.obj)
                0x000000000000d7b8                bt_keys_get_type
 .text.bt_keys_clear
                0x000000000000d800       0x4c zephyr/subsys/bluetooth/host/libsubsys__bluetooth__host.a(keys.c.obj)
                0x000000000000d800                bt_keys_clear
 .text.keys_set
                0x000000000000d84c      0x154 zephyr/subsys/bluetooth/host/libsubsys__bluetooth__host.a(keys.c.obj)
 .text.bt_keys_store
                0x000000000000d9a0       0x4c zephyr/subsys/bluetooth/host/libsubsys__bluetooth__host.a(keys.c.obj)
                0x000000000000d9a0                bt_keys_store
 .text.bt_keys_update_usage
                0x000000000000d9ec       0x4c zephyr/subsys/bluetooth/host/libsubsys__bluetooth__host.a(keys.c.obj)
                0x000000000000d9ec                bt_keys_update_usage
 .text.sys_memcpy_swap
                0x000000000000da38       0x4c zephyr/subsys/bluetooth/crypto/libsubsys__bluetooth__crypto.a(bt_crypto.c.obj)
 .text.bt_crypto_f5
                0x000000000000da84       0xd4 zephyr/subsys/bluetooth/crypto/libsubsys__bluetooth__crypto.a(bt_crypto.c.obj)
                0x000000000000da84                bt_crypto_f5
 .text.bt_crypto_g2
                0x000000000000db58       0x7c zephyr/subsys/bluetooth/crypto/libsubsys__bluetooth__crypto.a(bt_crypto.c.obj)
                0x000000000000db58                bt_crypto_g2
 .text.mem_init
                0x000000000000dbd4       0x48 zephyr/subsys/bluetooth/controller/libsubsys__bluetooth__controller.a(mem.c.obj)
                0x000000000000dbd4                mem_init
 .text.mem_acquire
                0x000000000000dc1c       0x2c zephyr/subsys/bluetooth/controller/libsubsys__bluetooth__controller.a(mem.c.obj)
                0x000000000000dc1c                mem_acquire
 .text.mem_release
                0x000000000000dc48       0x28 zephyr/subsys/bluetooth/controller/libsubsys__bluetooth__controller.a(mem.c.obj)
                0x000000000000dc48                mem_release
 .text.mem_get  0x000000000000dc70        0x8 zephyr/subsys/bluetooth/controller/libsubsys__bluetooth__controller.a(mem.c.obj)
                0x000000000000dc70                mem_get
 .text.mem_index_get
                0x000000000000dc78        0xc zephyr/subsys/bluetooth/controller/libsubsys__bluetooth__controller.a(mem.c.obj)
                0x000000000000dc78                mem_index_get
 .text.mem_rcopy
                0x000000000000dc84       0x1c zephyr/subsys/bluetooth/controller/libsubsys__bluetooth__controller.a(mem.c.obj)
                0x000000000000dc84                mem_rcopy
 .text.mem_nz   0x000000000000dca0       0x18 zephyr/subsys/bluetooth/controller/libsubsys__bluetooth__controller.a(mem.c.obj)
                0x000000000000dca0                mem_nz
 .text.memq_init
                0x000000000000dcb8        0x8 zephyr/subsys/bluetooth/controller/libsubsys__bluetooth__controller.a(memq.c.obj)
                0x000000000000dcb8                memq_init
 .text.memq_deinit
                0x000000000000dcc0       0x14 zephyr/subsys/bluetooth/controller/libsubsys__bluetooth__controller.a(memq.c.obj)
                0x000000000000dcc0                memq_deinit
 .text.memq_enqueue
                0x000000000000dcd4       0x14 zephyr/subsys/bluetooth/controller/libsubsys__bluetooth__controller.a(memq.c.obj)
                0x000000000000dcd4                memq_enqueue
 .text.memq_peek
                0x000000000000dce8       0x10 zephyr/subsys/bluetooth/controller/libsubsys__bluetooth__controller.a(memq.c.obj)
                0x000000000000dce8                memq_peek
 .text.memq_dequeue
                0x000000000000dcf8       0x20 zephyr/subsys/bluetooth/controller/libsubsys__bluetooth__controller.a(memq.c.obj)
                0x000000000000dcf8                memq_dequeue
 .text.mayfly_init
                0x000000000000dd18       0x40 zephyr/subsys/bluetooth/controller/libsubsys__bluetooth__controller.a(mayfly.c.obj)
                0x000000000000dd18                mayfly_init
 .text.mayfly_enable
                0x000000000000dd58       0x68 zephyr/subsys/bluetooth/controller/libsubsys__bluetooth__controller.a(mayfly.c.obj)
                0x000000000000dd58                mayfly_enable
 .text.mayfly_enqueue
                0x000000000000ddc0       0xbc zephyr/subsys/bluetooth/controller/libsubsys__bluetooth__controller.a(mayfly.c.obj)
                0x000000000000ddc0                mayfly_enqueue
 .text.mayfly_run
                0x000000000000de7c      0x174 zephyr/subsys/bluetooth/controller/libsubsys__bluetooth__controller.a(mayfly.c.obj)
                0x000000000000de7c                mayfly_run
 .text.util_ones_count_get
                0x000000000000dff0       0x28 zephyr/subsys/bluetooth/controller/libsubsys__bluetooth__controller.a(util.c.obj)
                0x000000000000dff0                util_ones_count_get
 .text.ticker_dequeue
                0x000000000000e018       0x74 zephyr/subsys/bluetooth/controller/libsubsys__bluetooth__controller.a(ticker.c.obj)
 .text.ticks_to_expire_prep
                0x000000000000e08c       0x48 zephyr/subsys/bluetooth/controller/libsubsys__bluetooth__controller.a(ticker.c.obj)
 .text.start_us.constprop.0
                0x000000000000e0d4       0xac zephyr/subsys/bluetooth/controller/libsubsys__bluetooth__controller.a(ticker.c.obj)
 .text.ticker_job_list_insert
                0x000000000000e180      0x214 zephyr/subsys/bluetooth/controller/libsubsys__bluetooth__controller.a(ticker.c.obj)
 .text.ticker_worker
                0x000000000000e394      0x2b0 zephyr/subsys/bluetooth/controller/libsubsys__bluetooth__controller.a(ticker.c.obj)
                0x000000000000e394                ticker_worker
 .text.ticker_job
                0x000000000000e644      0xad4 zephyr/subsys/bluetooth/controller/libsubsys__bluetooth__controller.a(ticker.c.obj)
                0x000000000000e644                ticker_job
 .text.ticker_init
                0x000000000000f118       0x64 zephyr/subsys/bluetooth/controller/libsubsys__bluetooth__controller.a(ticker.c.obj)
                0x000000000000f118                ticker_init
 .text.ticker_is_initialized
                0x000000000000f17c       0x18 zephyr/subsys/bluetooth/controller/libsubsys__bluetooth__controller.a(ticker.c.obj)
                0x000000000000f17c                ticker_is_initialized
 .text.ticker_trigger
                0x000000000000f194       0x30 zephyr/subsys/bluetooth/controller/libsubsys__bluetooth__controller.a(ticker.c.obj)
                0x000000000000f194                ticker_trigger
 .text.ticker_start
                0x000000000000f1c4       0x38 zephyr/subsys/bluetooth/controller/libsubsys__bluetooth__controller.a(ticker.c.obj)
                0x000000000000f1c4                ticker_start
 .text.ticker_start_ext
                0x000000000000f1fc       0x10 zephyr/subsys/bluetooth/controller/libsubsys__bluetooth__controller.a(ticker.c.obj)
                0x000000000000f1fc                ticker_start_ext
 .text.ticker_update_ext
                0x000000000000f20c       0xb0 zephyr/subsys/bluetooth/controller/libsubsys__bluetooth__controller.a(ticker.c.obj)
                0x000000000000f20c                ticker_update_ext
 .text.ticker_update
                0x000000000000f2bc       0x30 zephyr/subsys/bluetooth/controller/libsubsys__bluetooth__controller.a(ticker.c.obj)
                0x000000000000f2bc                ticker_update
 .text.ticker_stop
                0x000000000000f2ec       0x84 zephyr/subsys/bluetooth/controller/libsubsys__bluetooth__controller.a(ticker.c.obj)
                0x000000000000f2ec                ticker_stop
 .text.ticker_stop_abs
                0x000000000000f370       0x88 zephyr/subsys/bluetooth/controller/libsubsys__bluetooth__controller.a(ticker.c.obj)
                0x000000000000f370                ticker_stop_abs
 .text.ticker_ticks_now_get
                0x000000000000f3f8        0x4 zephyr/subsys/bluetooth/controller/libsubsys__bluetooth__controller.a(ticker.c.obj)
                0x000000000000f3f8                ticker_ticks_now_get
 .text.ticker_ticks_diff_get
                0x000000000000f3fc        0x8 zephyr/subsys/bluetooth/controller/libsubsys__bluetooth__controller.a(ticker.c.obj)
                0x000000000000f3fc                ticker_ticks_diff_get
 .text.ll_feat_get
                0x000000000000f404        0xc zephyr/subsys/bluetooth/controller/libsubsys__bluetooth__controller.a(ll_feat.c.obj)
                0x000000000000f404                ll_feat_get
 .text.ll_tx_pwr_lvl_get
                0x000000000000f410       0x20 zephyr/subsys/bluetooth/controller/libsubsys__bluetooth__controller.a(ll_tx_pwr.c.obj)
                0x000000000000f410                ll_tx_pwr_lvl_get
 .text.ll_tx_pwr_get
                0x000000000000f430        0x8 zephyr/subsys/bluetooth/controller/libsubsys__bluetooth__controller.a(ll_tx_pwr.c.obj)
                0x000000000000f430                ll_tx_pwr_get
 .text.ll_addr_set
                0x000000000000f438       0x38 zephyr/subsys/bluetooth/controller/libsubsys__bluetooth__controller.a(ll_addr.c.obj)
                0x000000000000f438                ll_addr_set
 .text.ll_addr_get
                0x000000000000f470       0x20 zephyr/subsys/bluetooth/controller/libsubsys__bluetooth__controller.a(ll_addr.c.obj)
                0x000000000000f470                ll_addr_get
 .text.ll_addr_read
                0x000000000000f490       0x28 zephyr/subsys/bluetooth/controller/libsubsys__bluetooth__controller.a(ll_addr.c.obj)
                0x000000000000f490                ll_addr_read
 .text.perform_lll_reset
                0x000000000000f4b8       0x8c zephyr/subsys/bluetooth/controller/libsubsys__bluetooth__controller.a(ull.c.obj)
 .text.ull_ticker_status_give
                0x000000000000f544        0xc zephyr/subsys/bluetooth/controller/libsubsys__bluetooth__controller.a(ull.c.obj)
                0x000000000000f544                ull_ticker_status_give
 .text.disabled_cb
                0x000000000000f550        0x4 zephyr/subsys/bluetooth/controller/libsubsys__bluetooth__controller.a(ull.c.obj)
 .text.tx_cmplt_get
                0x000000000000f554       0xb4 zephyr/subsys/bluetooth/controller/libsubsys__bluetooth__controller.a(ull.c.obj)
 .text.rx_replenish
                0x000000000000f608      0x110 zephyr/subsys/bluetooth/controller/libsubsys__bluetooth__controller.a(ull.c.obj)
 .text.rx_demux
                0x000000000000f718      0x294 zephyr/subsys/bluetooth/controller/libsubsys__bluetooth__controller.a(ull.c.obj)
 .text.ll_rx_get
                0x000000000000f9ac       0xf0 zephyr/subsys/bluetooth/controller/libsubsys__bluetooth__controller.a(ull.c.obj)
                0x000000000000f9ac                ll_rx_get
 .text.ll_rx_dequeue
                0x000000000000fa9c      0x180 zephyr/subsys/bluetooth/controller/libsubsys__bluetooth__controller.a(ull.c.obj)
                0x000000000000fa9c                ll_rx_dequeue
 .text.ll_rx_mem_release
                0x000000000000fc1c      0x168 zephyr/subsys/bluetooth/controller/libsubsys__bluetooth__controller.a(ull.c.obj)
                0x000000000000fc1c                ll_rx_mem_release
 .text.ll_rx_link_alloc
                0x000000000000fd84        0xc zephyr/subsys/bluetooth/controller/libsubsys__bluetooth__controller.a(ull.c.obj)
                0x000000000000fd84                ll_rx_link_alloc
 .text.ll_rx_link_release
                0x000000000000fd90        0xc zephyr/subsys/bluetooth/controller/libsubsys__bluetooth__controller.a(ull.c.obj)
                0x000000000000fd90                ll_rx_link_release
 .text.ll_rx_alloc
                0x000000000000fd9c        0xc zephyr/subsys/bluetooth/controller/libsubsys__bluetooth__controller.a(ull.c.obj)
                0x000000000000fd9c                ll_rx_alloc
 .text.ll_rx_release
                0x000000000000fda8        0xc zephyr/subsys/bluetooth/controller/libsubsys__bluetooth__controller.a(ull.c.obj)
                0x000000000000fda8                ll_rx_release
 .text.ll_rx_put